{
  newText: "some code\nover\nmultiple lines content with vuln\nand\nnewlinesmore code\nwith newline",
  vulnerabilities: [
    {
      title: "title",
      description: "vuln",
      range: {
        startLineNumber: 3,
        startColumn: 16,
        endLineNumber: 5,
        endColumn: 9
      }
    }
  ]
}