{
  parts: [
    {
      range: {
        start: 0,
        endExclusive: 4
      },
      editorRange: {
        startLineNumber: 1,
        startColumn: 1,
        endLineNumber: 1,
        endColumn: 5
      },
      text: "    ",
      kind: "text"
    },
    {
      range: {
        start: 4,
        endExclusive: 11
      },
      editorRange: {
        startLineNumber: 1,
        startColumn: 5,
        endLineNumber: 1,
        endColumn: 12
      },
      slashPromptCommand: { command: "prompt" },
      kind: "prompt"
    }
  ],
  text: "    /prompt"
}