[
  {
    content: {
      value: "markdown1",
      plainTextValue: "markdown1",
      isTrusted: false,
      supportThemeIcons: false,
      supportHtml: true
    },
    kind: "markdownContent"
  },
  {
    content: {
      value: "markdown2",
      plainTextValue: "markdown2",
      isTrusted: false,
      supportThemeIcons: false,
      supportHtml: false
    },
    kind: "markdownContent"
  }
]