
> code-oss-dev@1.109.0 test-browser-no-install
> node test/unit/browser/index.js --run src/vs/workbench/contrib/chat/test/browser/agentSessions/agentSessionsDataSource.test.ts

browserType.launch: 
╔══════════════════════════════════════════════════════╗
║ Host system is missing dependencies to run browsers. ║
║ Missing libraries:                                   ║
║     libgtk-4.so.1                                    ║
║     libgraphene-1.0.so.0                             ║
║     libwoff2dec.so.1.0.2                             ║
║     libvpx.so.9                                      ║
║     libevent-2.1.so.7                                ║
║     libopus.so.0                                     ║
║     libgstallocators-1.0.so.0                        ║
║     libgstapp-1.0.so.0                               ║
║     libgstpbutils-1.0.so.0                           ║
║     libgstaudio-1.0.so.0                             ║
║     libgsttag-1.0.so.0                               ║
║     libgstvideo-1.0.so.0                             ║
║     libgstgl-1.0.so.0                                ║
║     libgstcodecparsers-1.0.so.0                      ║
║     libgstfft-1.0.so.0                               ║
║     libflite.so.1                                    ║
║     libflite_usenglish.so.1                          ║
║     libflite_cmu_grapheme_lang.so.1                  ║
║     libflite_cmu_grapheme_lex.so.1                   ║
║     libflite_cmu_indic_lang.so.1                     ║
║     libflite_cmu_indic_lex.so.1                      ║
║     libflite_cmulex.so.1                             ║
║     libflite_cmu_time_awb.so.1                       ║
║     libflite_cmu_us_awb.so.1                         ║
║     libflite_cmu_us_kal16.so.1                       ║
║     libflite_cmu_us_kal.so.1                         ║
║     libflite_cmu_us_rms.so.1                         ║
║     libflite_cmu_us_slt.so.1                         ║
║     libavif.so.16                                    ║
║     libharfbuzz-icu.so.0                             ║
║     libsecret-1.so.0                                 ║
║     libhyphen.so.0                                   ║
║     libmanette-0.2.so.0                              ║
║     libGLESv2.so.2                                   ║
║     libx264.so                                       ║
╚══════════════════════════════════════════════════════╝
    at runTestsInBrowser (/home/runner/work/vscode/vscode/test/unit/browser/index.js:245:48)
    at async /home/runner/work/vscode/vscode/test/unit/browser/index.js:401:12
    at async /home/runner/work/vscode/vscode/test/unit/browser/index.js:399:15 {
  name: 'Error'
}
