[
  {
    range: "[1,0 -> 2,0]",
    count: 1
  },
  {
    range: "[2,0 -> 3,0]",
    count: 2
  },
  {
    range: "[3,0 -> 4,0]",
    count: 3
  },
  {
    range: "[4,0 -> 6,0]",
    count: 4
  },
  {
    range: "[6,0 -> 7,0]",
    count: 3
  },
  {
    range: "[7,0 -> 7,0]",
    count: 2
  },
  {
    range: "[5,0 -> 7,0]",
    count: 1
  }
]