[
  {
    range: "[1,0 -> 2,0]",
    count: 1
  },
  {
    range: "[2,0 -> 2,2147483647]",
    count: 2
  },
  {
    range: "[2,2147483647 -> 4,0]",
    count: 1
  },
  {
    range: "[4,0 -> 4,3]",
    count: 3
  },
  {
    range: "[4,3 -> 4,2147483647]",
    count: 4
  },
  {
    range: "[4,2147483647 -> 5,0]",
    count: 3
  }
]