[
  [ 0, 0, 0 ],
  [ 0, 4, 4 ],
  [ 1, 0, 8 ],
  [ 1, 2, 9 ],
  [ 2, 0, 10 ],
  [ 2, 1, 11 ],
  [ 3, 0, 12 ],
  [ 3, 1, 13 ],
  [ 3, 2, 14 ],
  [ 3, 3, 15 ],
  [ 3, 4, 16 ],
  [ 3, 5, 17 ],
  [ 3, 6, 18 ],
  [ 3, 7, 19 ],
  [ 3, 8, 20 ],
  [ 3, 9, 21 ],
  [ 4, 0, 22 ],
  [ 4, 2, 23 ],
  [ 5, 0, 24 ],
  [ 5, 2, 25 ],
  [ 5, 4, 26 ],
  [ 6, 0, 28 ],
  [ 6, 2, 29 ],
  [ 6, 4, 30 ],
  [ 6, 6, 31 ],
  [ 7, 0, 32 ],
  [ 7, 2, 33 ],
  [ 7, 4, 34 ],
  [ 7, 6, 35 ],
  [ 7, 8, 36 ]
]