[
  [ 0, 0, 0 ],
  [ 0, 1, 1 ],
  [ 0, 2, 2 ],
  [ 0, 3, 3 ],
  [ 0, 4, 4 ],
  [ 0, 5, 5 ],
  [ 0, 6, 6 ],
  [ 0, 7, 7 ],
  [ 0, 8, 8 ],
  [ 1, 0, 9 ],
  [ 1, 1, 10 ],
  [ 2, 0, 11 ],
  [ 2, 1, 12 ],
  [ 3, 0, 13 ],
  [ 3, 1, 14 ],
  [ 3, 2, 15 ],
  [ 3, 3, 16 ],
  [ 4, 0, 17 ],
  [ 5, 0, 18 ],
  [ 5, 1, 19 ],
  [ 5, 2, 20 ],
  [ 5, 3, 21 ],
  [ 5, 4, 22 ],
  [ 5, 5, 23 ],
  [ 5, 6, 24 ],
  [ 5, 7, 25 ],
  [ 5, 8, 26 ],
  [ 6, 0, 27 ],
  [ 6, 1, 28 ]
]