[
  [ 0, 0, 0 ],
  [ 0, 1, 1 ],
  [ 0, 2, 2 ],
  [ 0, 3, 3 ],
  [ 0, 4, 4 ],
  [ 0, 5, 5 ],
  [ 0, 6, 6 ],
  [ 0, 7, 7 ],
  [ 1, 0, 8 ],
  [ 1, 1, 9 ],
  [ 2, 0, 10 ],
  [ 2, 1, 11 ],
  [ 2, 2, 12 ],
  [ 2, 3, 13 ],
  [ 2, 4, 14 ],
  [ 2, 5, 15 ],
  [ 2, 6, 16 ],
  [ 2, 7, 17 ],
  [ 2, 8, 18 ],
  [ 2, 9, 19 ],
  [ 3, 0, 20 ],
  [ 3, 2, 21 ],
  [ 3, 4, 22 ],
  [ 3, 6, 23 ],
  [ 4, 0, 24 ],
  [ 4, 2, 25 ],
  [ 4, 4, 26 ],
  [ 4, 6, 27 ],
  [ 4, 8, 28 ]
]