[
  [ 0, 0, 0 ],
  [ 0, 1, 1 ],
  [ 0, 2, 2 ],
  [ 0, 3, 3 ],
  [ 1, 0, 4 ],
  [ 1, 1, 5 ],
  [ 1, 2, 6 ],
  [ 1, 3, 7 ],
  [ 1, 4, 8 ],
  [ 1, 5, 9 ],
  [ 1, 6, 10 ],
  [ 1, 7, 11 ],
  [ 1, 8, 12 ],
  [ 1, 9, 13 ],
  [ 1, 10, 14 ],
  [ 1, 11, 15 ],
  [ 1, 12, 16 ],
  [ 2, 0, 17 ],
  [ 3, 0, 18 ],
  [ 3, 1, 19 ],
  [ 3, 2, 20 ],
  [ 3, 3, 21 ],
  [ 3, 4, 22 ],
  [ 3, 5, 23 ],
  [ 4, 0, 24 ],
  [ 4, 1, 25 ],
  [ 5, 0, 26 ],
  [ 6, 0, 27 ],
  [ 7, 0, 28 ],
  [ 7, 1, 29 ],
  [ 7, 2, 30 ],
  [ 7, 3, 31 ],
  [ 8, 0, 32 ],
  [ 8, 1, 33 ],
  [ 8, 2, 34 ]
]