[
  [ 0, 0, 0 ],
  [ 0, 2, 1 ],
  [ 0, 4, 2 ],
  [ 0, 6, 3 ],
  [ 1, 0, 4 ],
  [ 2, 0, 5 ],
  [ 2, 1, 6 ],
  [ 2, 2, 7 ],
  [ 2, 3, 8 ],
  [ 2, 4, 9 ],
  [ 2, 5, 10 ],
  [ 2, 6, 11 ],
  [ 2, 7, 12 ],
  [ 2, 8, 13 ],
  [ 2, 9, 14 ],
  [ 2, 10, 15 ],
  [ 2, 11, 16 ],
  [ 2, 12, 17 ],
  [ 2, 13, 18 ],
  [ 2, 14, 19 ],
  [ 2, 15, 20 ],
  [ 3, 0, 21 ],
  [ 4, 0, 22 ],
  [ 4, 1, 23 ],
  [ 4, 2, 24 ],
  [ 4, 3, 25 ],
  [ 4, 4, 26 ],
  [ 4, 5, 27 ],
  [ 4, 6, 28 ],
  [ 4, 7, 29 ],
  [ 4, 8, 30 ],
  [ 4, 9, 31 ],
  [ 4, 10, 32 ],
  [ 4, 11, 33 ],
  [ 5, 0, 34 ],
  [ 5, 1, 35 ]
]