[
  [ 0, 0, 0 ],
  [ 0, 2, 1 ],
  [ 0, 4, 2 ],
  [ 0, 6, 3 ],
  [ 1, 0, 4 ],
  [ 1, 2, 5 ],
  [ 1, 4, 6 ],
  [ 1, 6, 7 ],
  [ 2, 0, 8 ],
  [ 2, 1, 9 ],
  [ 3, 0, 10 ],
  [ 3, 1, 11 ],
  [ 3, 2, 12 ],
  [ 3, 3, 13 ],
  [ 3, 4, 14 ],
  [ 3, 5, 15 ],
  [ 3, 6, 16 ],
  [ 3, 7, 17 ],
  [ 3, 8, 18 ],
  [ 3, 9, 19 ],
  [ 4, 0, 20 ],
  [ 4, 2, 21 ],
  [ 4, 4, 22 ],
  [ 4, 6, 23 ],
  [ 5, 0, 24 ],
  [ 5, 2, 25 ],
  [ 5, 4, 26 ],
  [ 5, 6, 27 ],
  [ 5, 8, 28 ]
]