[
  [ 0, 0, 0 ],
  [ 0, 2, 1 ],
  [ 0, 4, 2 ],
  [ 0, 6, 3 ],
  [ 1, 0, 4 ],
  [ 1, 1, 5 ],
  [ 2, 0, 6 ],
  [ 2, 1, 7 ],
  [ 2, 2, 8 ],
  [ 2, 3, 9 ],
  [ 2, 4, 10 ],
  [ 2, 5, 11 ],
  [ 2, 6, 12 ],
  [ 2, 7, 13 ],
  [ 2, 8, 14 ],
  [ 2, 9, 15 ],
  [ 3, 0, 16 ],
  [ 3, 2, 17 ],
  [ 3, 4, 18 ],
  [ 3, 6, 19 ],
  [ 3, 8, 20 ]
]