// Vitest Snapshot v1, https://vitest.dev/guide/snapshot.html

exports[`defaultIntentRequestHandler > ChatResult metadata after multiple turns only has tool results from current turn 1`] = `
{
  "codeBlocks": [],
  "resolvedModel": "",
  "toolCallResults": {
    "tool_call_id_0__vscode-0": LanguageModelToolResult {
      "content": [
        LanguageModelTextPart {
          "value": "tool-result-0",
        },
      ],
    },
    "tool_call_id_1__vscode-1": LanguageModelToolResult {
      "content": [
        LanguageModelTextPart {
          "value": "tool-result-1",
        },
      ],
    },
  },
  "toolCallRounds": [
    ToolCallRound {
      "compaction": undefined,
      "id": "static-id",
      "modelId": "gpt-4.1-2025-04-14",
      "phase": undefined,
      "response": "response number 0",
      "statefulMarker": undefined,
      "summary": undefined,
      "thinking": undefined,
      "timestamp": 0,
      "toolCalls": [
        {
          "arguments": "some args here",
          "id": "tool_call_id_0__vscode-0",
          "name": "my_func",
        },
      ],
      "toolInputRetry": 0,
    },
    ToolCallRound {
      "compaction": undefined,
      "id": "static-id",
      "modelId": "gpt-4.1-2025-04-14",
      "phase": undefined,
      "response": "response number 1",
      "statefulMarker": undefined,
      "summary": undefined,
      "thinking": undefined,
      "timestamp": 0,
      "toolCalls": [
        {
          "arguments": "some args here",
          "id": "tool_call_id_1__vscode-1",
          "name": "my_func",
        },
      ],
      "toolInputRetry": 0,
    },
    ToolCallRound {
      "compaction": undefined,
      "id": "static-id",
      "modelId": "gpt-4.1-2025-04-14",
      "phase": undefined,
      "response": "response number 2",
      "statefulMarker": undefined,
      "summary": undefined,
      "thinking": undefined,
      "timestamp": 0,
      "toolCalls": [],
      "toolInputRetry": 0,
    },
  ],
}
`;

exports[`defaultIntentRequestHandler > ChatResult metadata after multiple turns only has tool results from current turn 2`] = `
{
  "codeBlocks": [],
  "resolvedModel": "",
  "toolCallResults": {
    "tool_call_id_2__vscode-2": LanguageModelToolResult {
      "content": [
        LanguageModelTextPart {
          "value": "tool-result-2",
        },
      ],
    },
    "tool_call_id_3__vscode-3": LanguageModelToolResult {
      "content": [
        LanguageModelTextPart {
          "value": "tool-result-3",
        },
      ],
    },
  },
  "toolCallRounds": [
    ToolCallRound {
      "compaction": undefined,
      "id": "static-id",
      "modelId": "gpt-4.1-2025-04-14",
      "phase": undefined,
      "response": "response number 3",
      "statefulMarker": undefined,
      "summary": undefined,
      "thinking": undefined,
      "timestamp": 0,
      "toolCalls": [
        {
          "arguments": "some args here",
          "id": "tool_call_id_2__vscode-2",
          "name": "my_func",
        },
      ],
      "toolInputRetry": 0,
    },
    ToolCallRound {
      "compaction": undefined,
      "id": "static-id",
      "modelId": "gpt-4.1-2025-04-14",
      "phase": undefined,
      "response": "response number 4",
      "statefulMarker": undefined,
      "summary": undefined,
      "thinking": undefined,
      "timestamp": 0,
      "toolCalls": [
        {
          "arguments": "some args here",
          "id": "tool_call_id_3__vscode-3",
          "name": "my_func",
        },
      ],
      "toolInputRetry": 0,
    },
    ToolCallRound {
      "compaction": undefined,
      "id": "static-id",
      "modelId": "gpt-4.1-2025-04-14",
      "phase": undefined,
      "response": "response number 5",
      "statefulMarker": undefined,
      "summary": undefined,
      "thinking": undefined,
      "timestamp": 0,
      "toolCalls": [],
      "toolInputRetry": 0,
    },
  ],
}
`;

exports[`defaultIntentRequestHandler > avoids requests when handler return is null 1`] = `
{
  "telemetrySenderEvents": [],
  "telemetryServiceEvents": [
    {
      "eventName": "interactiveSessionMessage",
      "eventType": "internal",
      "measurements": {
        "turnNumber": 1,
      },
      "properties": {
        "apiType": undefined,
        "baseModel": "gpt-4.1-2025-04-14",
        "chatLocation": "panel",
        "contextTypes": "none",
        "detectedIntent": "none",
        "intent": "test",
        "isParticipantDetected": "false",
        "query": "hello world!",
        "requestId": "some-uuid",
        "sessionId": "some-session-id",
      },
    },
  ],
}
`;

exports[`defaultIntentRequestHandler > confirms on max tool call iterations, and continues to iterate 1`] = `
{
  "metadata": {
    "codeBlocks": [],
    "maxToolCallsExceeded": true,
    "resolvedModel": "",
    "toolCallResults": {
      "tool_call_id_0__vscode-0": LanguageModelToolResult {
        "content": [
          LanguageModelTextPart {
            "value": "tool-result-0",
          },
        ],
      },
      "tool_call_id_1__vscode-1": LanguageModelToolResult {
        "content": [
          LanguageModelTextPart {
            "value": "tool-result-1",
          },
        ],
      },
      "tool_call_id_2__vscode-2": LanguageModelToolResult {
        "content": [
          LanguageModelTextPart {
            "value": "tool-result-2",
          },
        ],
      },
      "tool_call_id_3__vscode-3": LanguageModelToolResult {
        "content": [
          LanguageModelTextPart {
            "value": "tool-result-3",
          },
        ],
      },
    },
    "toolCallRounds": [
      ToolCallRound {
        "compaction": undefined,
        "id": "static-id",
        "modelId": "gpt-4.1-2025-04-14",
        "phase": undefined,
        "response": "response number 0",
        "statefulMarker": undefined,
        "summary": undefined,
        "thinking": undefined,
        "timestamp": 0,
        "toolCalls": [
          {
            "arguments": "some args here",
            "id": "tool_call_id_0__vscode-0",
            "name": "my_func",
          },
        ],
        "toolInputRetry": 0,
      },
      ToolCallRound {
        "compaction": undefined,
        "id": "static-id",
        "modelId": "gpt-4.1-2025-04-14",
        "phase": undefined,
        "response": "response number 1",
        "statefulMarker": undefined,
        "summary": undefined,
        "thinking": undefined,
        "timestamp": 0,
        "toolCalls": [
          {
            "arguments": "some args here",
            "id": "tool_call_id_1__vscode-1",
            "name": "my_func",
          },
        ],
        "toolInputRetry": 0,
      },
      ToolCallRound {
        "compaction": undefined,
        "id": "static-id",
        "modelId": "gpt-4.1-2025-04-14",
        "phase": undefined,
        "response": "response number 2",
        "statefulMarker": undefined,
        "summary": undefined,
        "thinking": undefined,
        "timestamp": 0,
        "toolCalls": [
          {
            "arguments": "some args here",
            "id": "tool_call_id_2__vscode-2",
            "name": "my_func",
          },
        ],
        "toolInputRetry": 0,
      },
      ToolCallRound {
        "compaction": undefined,
        "id": "static-id",
        "modelId": "gpt-4.1-2025-04-14",
        "phase": undefined,
        "response": "response number 3",
        "statefulMarker": undefined,
        "summary": undefined,
        "thinking": undefined,
        "timestamp": 0,
        "toolCalls": [
          {
            "arguments": "some args here",
            "id": "tool_call_id_3__vscode-3",
            "name": "my_func",
          },
        ],
        "toolInputRetry": 0,
      },
    ],
  },
}
`;

exports[`defaultIntentRequestHandler > confirms on max tool call iterations, and continues to iterate 2`] = `
{
  "metadata": {
    "codeBlocks": [],
    "maxToolCallsExceeded": true,
    "resolvedModel": "",
    "toolCallResults": {
      "tool_call_id_4__vscode-4": LanguageModelToolResult {
        "content": [
          LanguageModelTextPart {
            "value": "tool-result-4",
          },
        ],
      },
      "tool_call_id_5__vscode-5": LanguageModelToolResult {
        "content": [
          LanguageModelTextPart {
            "value": "tool-result-5",
          },
        ],
      },
      "tool_call_id_6__vscode-6": LanguageModelToolResult {
        "content": [
          LanguageModelTextPart {
            "value": "tool-result-6",
          },
        ],
      },
      "tool_call_id_7__vscode-7": LanguageModelToolResult {
        "content": [
          LanguageModelTextPart {
            "value": "tool-result-7",
          },
        ],
      },
    },
    "toolCallRounds": [
      ToolCallRound {
        "compaction": undefined,
        "id": "static-id",
        "modelId": "gpt-4.1-2025-04-14",
        "phase": undefined,
        "response": "response number 4",
        "statefulMarker": undefined,
        "summary": undefined,
        "thinking": undefined,
        "timestamp": 0,
        "toolCalls": [
          {
            "arguments": "some args here",
            "id": "tool_call_id_4__vscode-4",
            "name": "my_func",
          },
        ],
        "toolInputRetry": 0,
      },
      ToolCallRound {
        "compaction": undefined,
        "id": "static-id",
        "modelId": "gpt-4.1-2025-04-14",
        "phase": undefined,
        "response": "response number 5",
        "statefulMarker": undefined,
        "summary": undefined,
        "thinking": undefined,
        "timestamp": 0,
        "toolCalls": [
          {
            "arguments": "some args here",
            "id": "tool_call_id_5__vscode-5",
            "name": "my_func",
          },
        ],
        "toolInputRetry": 0,
      },
      ToolCallRound {
        "compaction": undefined,
        "id": "static-id",
        "modelId": "gpt-4.1-2025-04-14",
        "phase": undefined,
        "response": "response number 6",
        "statefulMarker": undefined,
        "summary": undefined,
        "thinking": undefined,
        "timestamp": 0,
        "toolCalls": [
          {
            "arguments": "some args here",
            "id": "tool_call_id_6__vscode-6",
            "name": "my_func",
          },
        ],
        "toolInputRetry": 0,
      },
      ToolCallRound {
        "compaction": undefined,
        "id": "static-id",
        "modelId": "gpt-4.1-2025-04-14",
        "phase": undefined,
        "response": "response number 7",
        "statefulMarker": undefined,
        "summary": undefined,
        "thinking": undefined,
        "timestamp": 0,
        "toolCalls": [
          {
            "arguments": "some args here",
            "id": "tool_call_id_7__vscode-7",
            "name": "my_func",
          },
        ],
        "toolInputRetry": 0,
      },
    ],
  },
}
`;

exports[`defaultIntentRequestHandler > confirms on max tool call iterations, and continues to iterate 3`] = `
[
  ChatResponseMarkdownPart {
    "value": MarkdownString {},
  },
  ChatResponseMarkdownPart {
    "value": MarkdownString {},
  },
  ChatResponseMarkdownPart {
    "value": MarkdownString {},
  },
  ChatResponseMarkdownPart {
    "value": MarkdownString {},
  },
  ChatResponseMarkdownPart {
    "value": MarkdownString {},
  },
  ChatResponseMarkdownPart {
    "value": MarkdownString {},
  },
  ChatResponseMarkdownPart {
    "value": MarkdownString {},
  },
  ChatResponseMarkdownPart {
    "value": MarkdownString {},
  },
  ChatResponseConfirmationPart {
    "buttons": [
      "Continue",
      "Pause",
    ],
    "data": {
      "copilotRequestedRoundLimit": 5,
    },
    "message": MarkdownString {},
    "title": "Continue to iterate?",
  },
  ChatResponseMarkdownPart {
    "value": MarkdownString {},
  },
  ChatResponseMarkdownPart {
    "value": MarkdownString {},
  },
  ChatResponseMarkdownPart {
    "value": MarkdownString {},
  },
  ChatResponseMarkdownPart {
    "value": MarkdownString {},
  },
  ChatResponseMarkdownPart {
    "value": MarkdownString {},
  },
  ChatResponseMarkdownPart {
    "value": MarkdownString {},
  },
  ChatResponseMarkdownPart {
    "value": MarkdownString {},
  },
  ChatResponseMarkdownPart {
    "value": MarkdownString {},
  },
  ChatResponseConfirmationPart {
    "buttons": [
      "Continue",
      "Pause",
    ],
    "data": {
      "copilotRequestedRoundLimit": 5,
    },
    "message": MarkdownString {},
    "title": "Continue to iterate?",
  },
]
`;

exports[`defaultIntentRequestHandler > confirms on max tool call iterations, and continues to iterate 4`] = `
{
  "telemetrySenderEvents": [],
  "telemetryServiceEvents": [
    {
      "eventName": "interactiveSessionMessage",
      "eventType": "internal",
      "measurements": {
        "turnNumber": 1,
      },
      "properties": {
        "apiType": undefined,
        "baseModel": "gpt-4.1-2025-04-14",
        "chatLocation": "panel",
        "contextTypes": "none",
        "detectedIntent": "none",
        "intent": "test",
        "isParticipantDetected": "false",
        "query": "hello world!",
        "requestId": "some-uuid",
        "sessionId": "some-session-id",
      },
    },
    {
      "eventName": "conversation.message",
      "eventType": "default",
      "measurements": {
        "messageCharLen": 12,
        "promptTokenLen": 10,
      },
      "properties": {
        "conversationId": "some-session-id",
        "headerRequestId": "",
        "messageId": "some-uuid",
        "mode": "ask",
        "offTopic": "false",
        "source": "user",
        "suggestion": "test",
        "turnIndex": "0",
        "uiKind": "conversationPanel",
      },
    },
    {
      "eventName": "conversation.messageText",
      "eventType": "internal",
      "measurements": {
        "messageCharLen": 12,
        "promptTokenLen": 10,
      },
      "properties": {
        "conversationId": "some-session-id",
        "headerRequestId": "",
        "messageId": "some-uuid",
        "messageText": "hello world!",
        "mode": "ask",
        "offTopic": "false",
        "source": "user",
        "suggestion": "test",
        "turnIndex": "0",
        "uiKind": "conversationPanel",
      },
    },
    {
      "eventName": "conversation.messageText",
      "eventType": "internal",
      "measurements": {
        "messageCharLen": 12,
        "promptTokenLen": 10,
      },
      "properties": {
        "conversationId": "some-session-id",
        "headerRequestId": "",
        "messageId": "some-uuid",
        "messageText": "hello world!",
        "mode": "ask",
        "offTopic": "false",
        "source": "user",
        "suggestion": "test",
        "turnIndex": "0",
        "uiKind": "conversationPanel",
      },
    },
    {
      "eventName": "conversation.message",
      "eventType": "default",
      "measurements": {
        "messageCharLen": 17,
        "numCodeBlocks": 0,
        "promptTokenLen": 10,
      },
      "properties": {
        "codeBlockLanguages": "{}",
        "conversationId": "some-session-id",
        "headerRequestId": "some-uuid",
        "messageId": "some-uuid",
        "mode": "ask",
        "replyType": "none",
        "source": "model",
        "suggestion": "test",
        "turnIndex": "1",
        "uiKind": "conversationPanel",
      },
    },
    {
      "eventName": "conversation.messageText",
      "eventType": "internal",
      "measurements": {
        "messageCharLen": 12,
        "promptTokenLen": 10,
      },
      "properties": {
        "codeBlockLanguages": "{}",
        "conversationId": "some-session-id",
        "headerRequestId": "some-uuid",
        "messageId": "some-uuid",
        "messageText": "response number 0",
        "mode": "ask",
        "replyType": "none",
        "source": "model",
        "suggestion": "test",
        "turnIndex": "1",
        "uiKind": "conversationPanel",
      },
    },
    {
      "eventName": "conversation.messageText",
      "eventType": "internal",
      "measurements": {
        "messageCharLen": 12,
        "promptTokenLen": 10,
      },
      "properties": {
        "codeBlockLanguages": "{}",
        "conversationId": "some-session-id",
        "headerRequestId": "some-uuid",
        "messageId": "some-uuid",
        "messageText": "response number 0",
        "mode": "ask",
        "replyType": "none",
        "source": "model",
        "suggestion": "test",
        "turnIndex": "1",
        "uiKind": "conversationPanel",
      },
    },
    {
      "eventName": "panel.request",
      "eventType": "default",
      "measurements": {
        "availableToolCount": 0,
        "codeGenInstructionFileCount": 0,
        "codeGenInstructionSettingsCount": 0,
        "codeGenInstructionsCount": 0,
        "codeGenInstructionsFilteredCount": 0,
        "codeGenInstructionsLength": 0,
        "isAuto": -1,
        "isBYOK": -1,
        "links": 0,
        "maybeOffTopic": 0,
        "messageTokenCount": 3,
        "numToolCalls": 1,
        "promptTokenCount": 10,
        "responseTokenCount": 4,
        "round": 0,
        "summarizationEnabled": 1,
        "textBlocks": 1,
        "timeToComplete": "<duration>",
        "timeToFirstToken": "<duration>",
        "timeToRequest": "<duration>",
        "toolTokenCount": 0,
        "turn": 1,
        "userPromptCount": 1,
      },
      "properties": {
        "apiType": undefined,
        "codeBlocks": "",
        "command": "test",
        "contextTypes": "none",
        "conversationId": "some-session-id",
        "isParticipantDetected": "false",
        "isSystemInitiated": "false",
        "languageId": undefined,
        "mode": "ask",
        "model": "gpt-4.1-2025-04-14",
        "parentRequestId": undefined,
        "promptTypes": "1:12",
        "requestId": "turn-id-0",
        "responseId": "turn-id-0",
        "responseType": "success",
        "slashCommand": "",
        "toolCounts": "{"my_func":1}",
        "vscodeRequestId": "some-uuid",
      },
    },
    {
      "eventName": "panel_request",
      "eventType": "default",
      "measurements": {
        "availableToolCount": 0,
        "isAgent": 0,
        "links": 0,
        "maybeOffTopic": 0,
        "messageTokenCount": 3,
        "numToolCalls": 1,
        "promptTokenCount": 10,
        "responseTokenCount": 4,
        "round": 0,
        "textBlocks": 1,
        "timeToComplete": "<duration>",
        "timeToFirstToken": "<duration>",
        "timeToRequest": "<duration>",
        "turn": 1,
        "userPromptCount": 1,
      },
      "properties": {
        "codeBlocks": "[]",
        "command": "test",
        "conversationId": "some-session-id",
        "isParticipantDetected": "false",
        "languageId": "",
        "mode": "ask",
        "model": "gpt-4.1-2025-04-14",
        "requestId": "turn-id-0",
        "responseType": "success",
        "toolCounts": "{"my_func":1}",
        "vscodeRequestId": "some-uuid",
      },
    },
    {
      "eventName": "interactiveSessionResponse",
      "eventType": "internal",
      "measurements": {
        "turnNumber": 1,
      },
      "properties": {
        "apiType": undefined,
        "baseModel": "gpt-4.1-2025-04-14",
        "chatLocation": "panel",
        "intent": "test",
        "isParticipantDetected": "false",
        "request": "hello world!",
        "requestId": "some-uuid",
        "response": "response number 0",
        "sessionId": "some-session-id",
      },
    },
    {
      "eventName": "interactiveSessionMessage",
      "eventType": "internal",
      "measurements": {
        "turnNumber": 1,
      },
      "properties": {
        "apiType": undefined,
        "baseModel": "gpt-4.1-2025-04-14",
        "chatLocation": "panel",
        "contextTypes": "none",
        "detectedIntent": "none",
        "intent": "test",
        "isParticipantDetected": "false",
        "query": "hello world!",
        "requestId": "some-uuid",
        "sessionId": "some-session-id",
      },
    },
    {
      "eventName": "conversation.message",
      "eventType": "default",
      "measurements": {
        "messageCharLen": 12,
        "promptTokenLen": 10,
      },
      "properties": {
        "conversationId": "some-session-id",
        "headerRequestId": "",
        "messageId": "some-uuid",
        "mode": "ask",
        "offTopic": "false",
        "source": "user",
        "suggestion": "test",
        "turnIndex": "0",
        "uiKind": "conversationPanel",
      },
    },
    {
      "eventName": "conversation.messageText",
      "eventType": "internal",
      "measurements": {
        "messageCharLen": 12,
        "promptTokenLen": 10,
      },
      "properties": {
        "conversationId": "some-session-id",
        "headerRequestId": "",
        "messageId": "some-uuid",
        "messageText": "hello world!",
        "mode": "ask",
        "offTopic": "false",
        "source": "user",
        "suggestion": "test",
        "turnIndex": "0",
        "uiKind": "conversationPanel",
      },
    },
    {
      "eventName": "conversation.messageText",
      "eventType": "internal",
      "measurements": {
        "messageCharLen": 12,
        "promptTokenLen": 10,
      },
      "properties": {
        "conversationId": "some-session-id",
        "headerRequestId": "",
        "messageId": "some-uuid",
        "messageText": "hello world!",
        "mode": "ask",
        "offTopic": "false",
        "source": "user",
        "suggestion": "test",
        "turnIndex": "0",
        "uiKind": "conversationPanel",
      },
    },
    {
      "eventName": "conversation.message",
      "eventType": "default",
      "measurements": {
        "messageCharLen": 17,
        "numCodeBlocks": 0,
        "promptTokenLen": 10,
      },
      "properties": {
        "codeBlockLanguages": "{}",
        "conversationId": "some-session-id",
        "headerRequestId": "some-uuid",
        "messageId": "some-uuid",
        "mode": "ask",
        "replyType": "none",
        "source": "model",
        "suggestion": "test",
        "turnIndex": "1",
        "uiKind": "conversationPanel",
      },
    },
    {
      "eventName": "conversation.messageText",
      "eventType": "internal",
      "measurements": {
        "messageCharLen": 12,
        "promptTokenLen": 10,
      },
      "properties": {
        "codeBlockLanguages": "{}",
        "conversationId": "some-session-id",
        "headerRequestId": "some-uuid",
        "messageId": "some-uuid",
        "messageText": "response number 1",
        "mode": "ask",
        "replyType": "none",
        "source": "model",
        "suggestion": "test",
        "turnIndex": "1",
        "uiKind": "conversationPanel",
      },
    },
    {
      "eventName": "conversation.messageText",
      "eventType": "internal",
      "measurements": {
        "messageCharLen": 12,
        "promptTokenLen": 10,
      },
      "properties": {
        "codeBlockLanguages": "{}",
        "conversationId": "some-session-id",
        "headerRequestId": "some-uuid",
        "messageId": "some-uuid",
        "messageText": "response number 1",
        "mode": "ask",
        "replyType": "none",
        "source": "model",
        "suggestion": "test",
        "turnIndex": "1",
        "uiKind": "conversationPanel",
      },
    },
    {
      "eventName": "panel.request",
      "eventType": "default",
      "measurements": {
        "availableToolCount": 0,
        "codeGenInstructionFileCount": 0,
        "codeGenInstructionSettingsCount": 0,
        "codeGenInstructionsCount": 0,
        "codeGenInstructionsFilteredCount": 0,
        "codeGenInstructionsLength": 0,
        "isAuto": -1,
        "isBYOK": -1,
        "links": 0,
        "maybeOffTopic": 0,
        "messageTokenCount": 3,
        "numToolCalls": 1,
        "promptTokenCount": 10,
        "responseTokenCount": 4,
        "round": 0,
        "summarizationEnabled": 1,
        "textBlocks": 1,
        "timeToComplete": "<duration>",
        "timeToFirstToken": "<duration>",
        "timeToRequest": "<duration>",
        "toolTokenCount": 0,
        "turn": 1,
        "userPromptCount": 1,
      },
      "properties": {
        "apiType": undefined,
        "codeBlocks": "",
        "command": "test",
        "contextTypes": "none",
        "conversationId": "some-session-id",
        "isParticipantDetected": "false",
        "isSystemInitiated": "false",
        "languageId": undefined,
        "mode": "ask",
        "model": "gpt-4.1-2025-04-14",
        "parentRequestId": undefined,
        "promptTypes": "1:12",
        "requestId": "turn-id-0",
        "responseId": "turn-id-0",
        "responseType": "success",
        "slashCommand": "",
        "toolCounts": "{"my_func":1}",
        "vscodeRequestId": "some-uuid",
      },
    },
    {
      "eventName": "panel_request",
      "eventType": "default",
      "measurements": {
        "availableToolCount": 0,
        "isAgent": 0,
        "links": 0,
        "maybeOffTopic": 0,
        "messageTokenCount": 3,
        "numToolCalls": 1,
        "promptTokenCount": 10,
        "responseTokenCount": 4,
        "round": 0,
        "textBlocks": 1,
        "timeToComplete": "<duration>",
        "timeToFirstToken": "<duration>",
        "timeToRequest": "<duration>",
        "turn": 1,
        "userPromptCount": 1,
      },
      "properties": {
        "codeBlocks": "[]",
        "command": "test",
        "conversationId": "some-session-id",
        "isParticipantDetected": "false",
        "languageId": "",
        "mode": "ask",
        "model": "gpt-4.1-2025-04-14",
        "requestId": "turn-id-0",
        "responseType": "success",
        "toolCounts": "{"my_func":1}",
        "vscodeRequestId": "some-uuid",
      },
    },
    {
      "eventName": "interactiveSessionResponse",
      "eventType": "internal",
      "measurements": {
        "turnNumber": 1,
      },
      "properties": {
        "apiType": undefined,
        "baseModel": "gpt-4.1-2025-04-14",
        "chatLocation": "panel",
        "intent": "test",
        "isParticipantDetected": "false",
        "request": "hello world!",
        "requestId": "some-uuid",
        "response": "response number 1",
        "sessionId": "some-session-id",
      },
    },
    {
      "eventName": "interactiveSessionMessage",
      "eventType": "internal",
      "measurements": {
        "turnNumber": 1,
      },
      "properties": {
        "apiType": undefined,
        "baseModel": "gpt-4.1-2025-04-14",
        "chatLocation": "panel",
        "contextTypes": "none",
        "detectedIntent": "none",
        "intent": "test",
        "isParticipantDetected": "false",
        "query": "hello world!",
        "requestId": "some-uuid",
        "sessionId": "some-session-id",
      },
    },
    {
      "eventName": "conversation.message",
      "eventType": "default",
      "measurements": {
        "messageCharLen": 12,
        "promptTokenLen": 10,
      },
      "properties": {
        "conversationId": "some-session-id",
        "headerRequestId": "",
        "messageId": "some-uuid",
        "mode": "ask",
        "offTopic": "false",
        "source": "user",
        "suggestion": "test",
        "turnIndex": "0",
        "uiKind": "conversationPanel",
      },
    },
    {
      "eventName": "conversation.messageText",
      "eventType": "internal",
      "measurements": {
        "messageCharLen": 12,
        "promptTokenLen": 10,
      },
      "properties": {
        "conversationId": "some-session-id",
        "headerRequestId": "",
        "messageId": "some-uuid",
        "messageText": "hello world!",
        "mode": "ask",
        "offTopic": "false",
        "source": "user",
        "suggestion": "test",
        "turnIndex": "0",
        "uiKind": "conversationPanel",
      },
    },
    {
      "eventName": "conversation.messageText",
      "eventType": "internal",
      "measurements": {
        "messageCharLen": 12,
        "promptTokenLen": 10,
      },
      "properties": {
        "conversationId": "some-session-id",
        "headerRequestId": "",
        "messageId": "some-uuid",
        "messageText": "hello world!",
        "mode": "ask",
        "offTopic": "false",
        "source": "user",
        "suggestion": "test",
        "turnIndex": "0",
        "uiKind": "conversationPanel",
      },
    },
    {
      "eventName": "conversation.message",
      "eventType": "default",
      "measurements": {
        "messageCharLen": 17,
        "numCodeBlocks": 0,
        "promptTokenLen": 10,
      },
      "properties": {
        "codeBlockLanguages": "{}",
        "conversationId": "some-session-id",
        "headerRequestId": "some-uuid",
        "messageId": "some-uuid",
        "mode": "ask",
        "replyType": "none",
        "source": "model",
        "suggestion": "test",
        "turnIndex": "1",
        "uiKind": "conversationPanel",
      },
    },
    {
      "eventName": "conversation.messageText",
      "eventType": "internal",
      "measurements": {
        "messageCharLen": 12,
        "promptTokenLen": 10,
      },
      "properties": {
        "codeBlockLanguages": "{}",
        "conversationId": "some-session-id",
        "headerRequestId": "some-uuid",
        "messageId": "some-uuid",
        "messageText": "response number 2",
        "mode": "ask",
        "replyType": "none",
        "source": "model",
        "suggestion": "test",
        "turnIndex": "1",
        "uiKind": "conversationPanel",
      },
    },
    {
      "eventName": "conversation.messageText",
      "eventType": "internal",
      "measurements": {
        "messageCharLen": 12,
        "promptTokenLen": 10,
      },
      "properties": {
        "codeBlockLanguages": "{}",
        "conversationId": "some-session-id",
        "headerRequestId": "some-uuid",
        "messageId": "some-uuid",
        "messageText": "response number 2",
        "mode": "ask",
        "replyType": "none",
        "source": "model",
        "suggestion": "test",
        "turnIndex": "1",
        "uiKind": "conversationPanel",
      },
    },
    {
      "eventName": "panel.request",
      "eventType": "default",
      "measurements": {
        "availableToolCount": 0,
        "codeGenInstructionFileCount": 0,
        "codeGenInstructionSettingsCount": 0,
        "codeGenInstructionsCount": 0,
        "codeGenInstructionsFilteredCount": 0,
        "codeGenInstructionsLength": 0,
        "isAuto": -1,
        "isBYOK": -1,
        "links": 0,
        "maybeOffTopic": 0,
        "messageTokenCount": 3,
        "numToolCalls": 1,
        "promptTokenCount": 10,
        "responseTokenCount": 4,
        "round": 0,
        "summarizationEnabled": 1,
        "textBlocks": 1,
        "timeToComplete": "<duration>",
        "timeToFirstToken": "<duration>",
        "timeToRequest": "<duration>",
        "toolTokenCount": 0,
        "turn": 1,
        "userPromptCount": 1,
      },
      "properties": {
        "apiType": undefined,
        "codeBlocks": "",
        "command": "test",
        "contextTypes": "none",
        "conversationId": "some-session-id",
        "isParticipantDetected": "false",
        "isSystemInitiated": "false",
        "languageId": undefined,
        "mode": "ask",
        "model": "gpt-4.1-2025-04-14",
        "parentRequestId": undefined,
        "promptTypes": "1:12",
        "requestId": "turn-id-0",
        "responseId": "turn-id-0",
        "responseType": "success",
        "slashCommand": "",
        "toolCounts": "{"my_func":1}",
        "vscodeRequestId": "some-uuid",
      },
    },
    {
      "eventName": "panel_request",
      "eventType": "default",
      "measurements": {
        "availableToolCount": 0,
        "isAgent": 0,
        "links": 0,
        "maybeOffTopic": 0,
        "messageTokenCount": 3,
        "numToolCalls": 1,
        "promptTokenCount": 10,
        "responseTokenCount": 4,
        "round": 0,
        "textBlocks": 1,
        "timeToComplete": "<duration>",
        "timeToFirstToken": "<duration>",
        "timeToRequest": "<duration>",
        "turn": 1,
        "userPromptCount": 1,
      },
      "properties": {
        "codeBlocks": "[]",
        "command": "test",
        "conversationId": "some-session-id",
        "isParticipantDetected": "false",
        "languageId": "",
        "mode": "ask",
        "model": "gpt-4.1-2025-04-14",
        "requestId": "turn-id-0",
        "responseType": "success",
        "toolCounts": "{"my_func":1}",
        "vscodeRequestId": "some-uuid",
      },
    },
    {
      "eventName": "interactiveSessionResponse",
      "eventType": "internal",
      "measurements": {
        "turnNumber": 1,
      },
      "properties": {
        "apiType": undefined,
        "baseModel": "gpt-4.1-2025-04-14",
        "chatLocation": "panel",
        "intent": "test",
        "isParticipantDetected": "false",
        "request": "hello world!",
        "requestId": "some-uuid",
        "response": "response number 2",
        "sessionId": "some-session-id",
      },
    },
    {
      "eventName": "interactiveSessionMessage",
      "eventType": "internal",
      "measurements": {
        "turnNumber": 1,
      },
      "properties": {
        "apiType": undefined,
        "baseModel": "gpt-4.1-2025-04-14",
        "chatLocation": "panel",
        "contextTypes": "none",
        "detectedIntent": "none",
        "intent": "test",
        "isParticipantDetected": "false",
        "query": "hello world!",
        "requestId": "some-uuid",
        "sessionId": "some-session-id",
      },
    },
    {
      "eventName": "conversation.message",
      "eventType": "default",
      "measurements": {
        "messageCharLen": 12,
        "promptTokenLen": 10,
      },
      "properties": {
        "conversationId": "some-session-id",
        "headerRequestId": "",
        "messageId": "some-uuid",
        "mode": "ask",
        "offTopic": "false",
        "source": "user",
        "suggestion": "test",
        "turnIndex": "0",
        "uiKind": "conversationPanel",
      },
    },
    {
      "eventName": "conversation.messageText",
      "eventType": "internal",
      "measurements": {
        "messageCharLen": 12,
        "promptTokenLen": 10,
      },
      "properties": {
        "conversationId": "some-session-id",
        "headerRequestId": "",
        "messageId": "some-uuid",
        "messageText": "hello world!",
        "mode": "ask",
        "offTopic": "false",
        "source": "user",
        "suggestion": "test",
        "turnIndex": "0",
        "uiKind": "conversationPanel",
      },
    },
    {
      "eventName": "conversation.messageText",
      "eventType": "internal",
      "measurements": {
        "messageCharLen": 12,
        "promptTokenLen": 10,
      },
      "properties": {
        "conversationId": "some-session-id",
        "headerRequestId": "",
        "messageId": "some-uuid",
        "messageText": "hello world!",
        "mode": "ask",
        "offTopic": "false",
        "source": "user",
        "suggestion": "test",
        "turnIndex": "0",
        "uiKind": "conversationPanel",
      },
    },
    {
      "eventName": "conversation.message",
      "eventType": "default",
      "measurements": {
        "messageCharLen": 17,
        "numCodeBlocks": 0,
        "promptTokenLen": 10,
      },
      "properties": {
        "codeBlockLanguages": "{}",
        "conversationId": "some-session-id",
        "headerRequestId": "some-uuid",
        "messageId": "some-uuid",
        "mode": "ask",
        "replyType": "none",
        "source": "model",
        "suggestion": "test",
        "turnIndex": "1",
        "uiKind": "conversationPanel",
      },
    },
    {
      "eventName": "conversation.messageText",
      "eventType": "internal",
      "measurements": {
        "messageCharLen": 12,
        "promptTokenLen": 10,
      },
      "properties": {
        "codeBlockLanguages": "{}",
        "conversationId": "some-session-id",
        "headerRequestId": "some-uuid",
        "messageId": "some-uuid",
        "messageText": "response number 3",
        "mode": "ask",
        "replyType": "none",
        "source": "model",
        "suggestion": "test",
        "turnIndex": "1",
        "uiKind": "conversationPanel",
      },
    },
    {
      "eventName": "conversation.messageText",
      "eventType": "internal",
      "measurements": {
        "messageCharLen": 12,
        "promptTokenLen": 10,
      },
      "properties": {
        "codeBlockLanguages": "{}",
        "conversationId": "some-session-id",
        "headerRequestId": "some-uuid",
        "messageId": "some-uuid",
        "messageText": "response number 3",
        "mode": "ask",
        "replyType": "none",
        "source": "model",
        "suggestion": "test",
        "turnIndex": "1",
        "uiKind": "conversationPanel",
      },
    },
    {
      "eventName": "panel.request",
      "eventType": "default",
      "measurements": {
        "availableToolCount": 0,
        "codeGenInstructionFileCount": 0,
        "codeGenInstructionSettingsCount": 0,
        "codeGenInstructionsCount": 0,
        "codeGenInstructionsFilteredCount": 0,
        "codeGenInstructionsLength": 0,
        "isAuto": -1,
        "isBYOK": -1,
        "links": 0,
        "maybeOffTopic": 0,
        "messageTokenCount": 3,
        "numToolCalls": 1,
        "promptTokenCount": 10,
        "responseTokenCount": 4,
        "round": 0,
        "summarizationEnabled": 1,
        "textBlocks": 1,
        "timeToComplete": "<duration>",
        "timeToFirstToken": "<duration>",
        "timeToRequest": "<duration>",
        "toolTokenCount": 0,
        "turn": 1,
        "userPromptCount": 1,
      },
      "properties": {
        "apiType": undefined,
        "codeBlocks": "",
        "command": "test",
        "contextTypes": "none",
        "conversationId": "some-session-id",
        "isParticipantDetected": "false",
        "isSystemInitiated": "false",
        "languageId": undefined,
        "mode": "ask",
        "model": "gpt-4.1-2025-04-14",
        "parentRequestId": undefined,
        "promptTypes": "1:12",
        "requestId": "turn-id-0",
        "responseId": "turn-id-0",
        "responseType": "success",
        "slashCommand": "",
        "toolCounts": "{"my_func":1}",
        "vscodeRequestId": "some-uuid",
      },
    },
    {
      "eventName": "panel_request",
      "eventType": "default",
      "measurements": {
        "availableToolCount": 0,
        "isAgent": 0,
        "links": 0,
        "maybeOffTopic": 0,
        "messageTokenCount": 3,
        "numToolCalls": 1,
        "promptTokenCount": 10,
        "responseTokenCount": 4,
        "round": 0,
        "textBlocks": 1,
        "timeToComplete": "<duration>",
        "timeToFirstToken": "<duration>",
        "timeToRequest": "<duration>",
        "turn": 1,
        "userPromptCount": 1,
      },
      "properties": {
        "codeBlocks": "[]",
        "command": "test",
        "conversationId": "some-session-id",
        "isParticipantDetected": "false",
        "languageId": "",
        "mode": "ask",
        "model": "gpt-4.1-2025-04-14",
        "requestId": "turn-id-0",
        "responseType": "success",
        "toolCounts": "{"my_func":1}",
        "vscodeRequestId": "some-uuid",
      },
    },
    {
      "eventName": "interactiveSessionResponse",
      "eventType": "internal",
      "measurements": {
        "turnNumber": 1,
      },
      "properties": {
        "apiType": undefined,
        "baseModel": "gpt-4.1-2025-04-14",
        "chatLocation": "panel",
        "intent": "test",
        "isParticipantDetected": "false",
        "request": "hello world!",
        "requestId": "some-uuid",
        "response": "response number 3",
        "sessionId": "some-session-id",
      },
    },
    {
      "eventName": "conversation.message",
      "eventType": "default",
      "measurements": {
        "messageCharLen": 17,
        "numCodeBlocks": 0,
      },
      "properties": {
        "codeBlockLanguages": "{}",
        "conversationId": "some-session-id",
        "headerRequestId": "",
        "messageId": "some-uuid",
        "mode": "ask",
        "source": "model",
        "turnIndex": "1",
        "uiKind": "conversationPanel",
      },
    },
    {
      "eventName": "conversation.messageText",
      "eventType": "internal",
      "measurements": {},
      "properties": {
        "codeBlockLanguages": "{}",
        "conversationId": "some-session-id",
        "headerRequestId": "",
        "messageId": "some-uuid",
        "messageText": "response number 3",
        "mode": "ask",
        "source": "model",
        "turnIndex": "1",
        "uiKind": "conversationPanel",
      },
    },
    {
      "eventName": "conversation.messageText",
      "eventType": "internal",
      "measurements": {},
      "properties": {
        "codeBlockLanguages": "{}",
        "conversationId": "some-session-id",
        "headerRequestId": "",
        "messageId": "some-uuid",
        "messageText": "response number 3",
        "mode": "ask",
        "source": "model",
        "turnIndex": "1",
        "uiKind": "conversationPanel",
      },
    },
    {
      "eventName": "interactiveSessionMessage",
      "eventType": "internal",
      "measurements": {
        "turnNumber": 1,
      },
      "properties": {
        "apiType": undefined,
        "baseModel": "gpt-4.1-2025-04-14",
        "chatLocation": "panel",
        "contextTypes": "none",
        "detectedIntent": "none",
        "intent": "test",
        "isParticipantDetected": "false",
        "query": "hello world!",
        "requestId": "some-uuid",
        "sessionId": "some-session-id",
      },
    },
    {
      "eventName": "conversation.message",
      "eventType": "default",
      "measurements": {
        "messageCharLen": 12,
        "promptTokenLen": 10,
      },
      "properties": {
        "conversationId": "some-session-id",
        "headerRequestId": "",
        "messageId": "some-uuid",
        "mode": "ask",
        "offTopic": "false",
        "source": "user",
        "suggestion": "test",
        "turnIndex": "0",
        "uiKind": "conversationPanel",
      },
    },
    {
      "eventName": "conversation.messageText",
      "eventType": "internal",
      "measurements": {
        "messageCharLen": 12,
        "promptTokenLen": 10,
      },
      "properties": {
        "conversationId": "some-session-id",
        "headerRequestId": "",
        "messageId": "some-uuid",
        "messageText": "hello world!",
        "mode": "ask",
        "offTopic": "false",
        "source": "user",
        "suggestion": "test",
        "turnIndex": "0",
        "uiKind": "conversationPanel",
      },
    },
    {
      "eventName": "conversation.messageText",
      "eventType": "internal",
      "measurements": {
        "messageCharLen": 12,
        "promptTokenLen": 10,
      },
      "properties": {
        "conversationId": "some-session-id",
        "headerRequestId": "",
        "messageId": "some-uuid",
        "messageText": "hello world!",
        "mode": "ask",
        "offTopic": "false",
        "source": "user",
        "suggestion": "test",
        "turnIndex": "0",
        "uiKind": "conversationPanel",
      },
    },
    {
      "eventName": "conversation.message",
      "eventType": "default",
      "measurements": {
        "messageCharLen": 17,
        "numCodeBlocks": 0,
        "promptTokenLen": 10,
      },
      "properties": {
        "codeBlockLanguages": "{}",
        "conversationId": "some-session-id",
        "headerRequestId": "some-uuid",
        "messageId": "some-uuid",
        "mode": "ask",
        "replyType": "none",
        "source": "model",
        "suggestion": "test",
        "turnIndex": "1",
        "uiKind": "conversationPanel",
      },
    },
    {
      "eventName": "conversation.messageText",
      "eventType": "internal",
      "measurements": {
        "messageCharLen": 12,
        "promptTokenLen": 10,
      },
      "properties": {
        "codeBlockLanguages": "{}",
        "conversationId": "some-session-id",
        "headerRequestId": "some-uuid",
        "messageId": "some-uuid",
        "messageText": "response number 4",
        "mode": "ask",
        "replyType": "none",
        "source": "model",
        "suggestion": "test",
        "turnIndex": "1",
        "uiKind": "conversationPanel",
      },
    },
    {
      "eventName": "conversation.messageText",
      "eventType": "internal",
      "measurements": {
        "messageCharLen": 12,
        "promptTokenLen": 10,
      },
      "properties": {
        "codeBlockLanguages": "{}",
        "conversationId": "some-session-id",
        "headerRequestId": "some-uuid",
        "messageId": "some-uuid",
        "messageText": "response number 4",
        "mode": "ask",
        "replyType": "none",
        "source": "model",
        "suggestion": "test",
        "turnIndex": "1",
        "uiKind": "conversationPanel",
      },
    },
    {
      "eventName": "panel.request",
      "eventType": "default",
      "measurements": {
        "availableToolCount": 0,
        "codeGenInstructionFileCount": 0,
        "codeGenInstructionSettingsCount": 0,
        "codeGenInstructionsCount": 0,
        "codeGenInstructionsFilteredCount": 0,
        "codeGenInstructionsLength": 0,
        "isAuto": -1,
        "isBYOK": -1,
        "links": 0,
        "maybeOffTopic": 0,
        "messageTokenCount": 3,
        "numToolCalls": 1,
        "promptTokenCount": 10,
        "responseTokenCount": 4,
        "round": 0,
        "summarizationEnabled": 1,
        "textBlocks": 1,
        "timeToComplete": "<duration>",
        "timeToFirstToken": "<duration>",
        "timeToRequest": "<duration>",
        "toolTokenCount": 0,
        "turn": 1,
        "userPromptCount": 1,
      },
      "properties": {
        "apiType": undefined,
        "codeBlocks": "",
        "command": "test",
        "contextTypes": "none",
        "conversationId": "some-session-id",
        "isParticipantDetected": "false",
        "isSystemInitiated": "false",
        "languageId": undefined,
        "mode": "ask",
        "model": "gpt-4.1-2025-04-14",
        "parentRequestId": undefined,
        "promptTypes": "1:12",
        "requestId": "turn-id-0",
        "responseId": "turn-id-0",
        "responseType": "success",
        "slashCommand": "",
        "toolCounts": "{"my_func":1}",
        "vscodeRequestId": "some-uuid",
      },
    },
    {
      "eventName": "panel_request",
      "eventType": "default",
      "measurements": {
        "availableToolCount": 0,
        "isAgent": 0,
        "links": 0,
        "maybeOffTopic": 0,
        "messageTokenCount": 3,
        "numToolCalls": 1,
        "promptTokenCount": 10,
        "responseTokenCount": 4,
        "round": 0,
        "textBlocks": 1,
        "timeToComplete": "<duration>",
        "timeToFirstToken": "<duration>",
        "timeToRequest": "<duration>",
        "turn": 1,
        "userPromptCount": 1,
      },
      "properties": {
        "codeBlocks": "[]",
        "command": "test",
        "conversationId": "some-session-id",
        "isParticipantDetected": "false",
        "languageId": "",
        "mode": "ask",
        "model": "gpt-4.1-2025-04-14",
        "requestId": "turn-id-0",
        "responseType": "success",
        "toolCounts": "{"my_func":1}",
        "vscodeRequestId": "some-uuid",
      },
    },
    {
      "eventName": "interactiveSessionResponse",
      "eventType": "internal",
      "measurements": {
        "turnNumber": 1,
      },
      "properties": {
        "apiType": undefined,
        "baseModel": "gpt-4.1-2025-04-14",
        "chatLocation": "panel",
        "intent": "test",
        "isParticipantDetected": "false",
        "request": "hello world!",
        "requestId": "some-uuid",
        "response": "response number 4",
        "sessionId": "some-session-id",
      },
    },
    {
      "eventName": "interactiveSessionMessage",
      "eventType": "internal",
      "measurements": {
        "turnNumber": 1,
      },
      "properties": {
        "apiType": undefined,
        "baseModel": "gpt-4.1-2025-04-14",
        "chatLocation": "panel",
        "contextTypes": "none",
        "detectedIntent": "none",
        "intent": "test",
        "isParticipantDetected": "false",
        "query": "hello world!",
        "requestId": "some-uuid",
        "sessionId": "some-session-id",
      },
    },
    {
      "eventName": "conversation.message",
      "eventType": "default",
      "measurements": {
        "messageCharLen": 12,
        "promptTokenLen": 10,
      },
      "properties": {
        "conversationId": "some-session-id",
        "headerRequestId": "",
        "messageId": "some-uuid",
        "mode": "ask",
        "offTopic": "false",
        "source": "user",
        "suggestion": "test",
        "turnIndex": "0",
        "uiKind": "conversationPanel",
      },
    },
    {
      "eventName": "conversation.messageText",
      "eventType": "internal",
      "measurements": {
        "messageCharLen": 12,
        "promptTokenLen": 10,
      },
      "properties": {
        "conversationId": "some-session-id",
        "headerRequestId": "",
        "messageId": "some-uuid",
        "messageText": "hello world!",
        "mode": "ask",
        "offTopic": "false",
        "source": "user",
        "suggestion": "test",
        "turnIndex": "0",
        "uiKind": "conversationPanel",
      },
    },
    {
      "eventName": "conversation.messageText",
      "eventType": "internal",
      "measurements": {
        "messageCharLen": 12,
        "promptTokenLen": 10,
      },
      "properties": {
        "conversationId": "some-session-id",
        "headerRequestId": "",
        "messageId": "some-uuid",
        "messageText": "hello world!",
        "mode": "ask",
        "offTopic": "false",
        "source": "user",
        "suggestion": "test",
        "turnIndex": "0",
        "uiKind": "conversationPanel",
      },
    },
    {
      "eventName": "conversation.message",
      "eventType": "default",
      "measurements": {
        "messageCharLen": 17,
        "numCodeBlocks": 0,
        "promptTokenLen": 10,
      },
      "properties": {
        "codeBlockLanguages": "{}",
        "conversationId": "some-session-id",
        "headerRequestId": "some-uuid",
        "messageId": "some-uuid",
        "mode": "ask",
        "replyType": "none",
        "source": "model",
        "suggestion": "test",
        "turnIndex": "1",
        "uiKind": "conversationPanel",
      },
    },
    {
      "eventName": "conversation.messageText",
      "eventType": "internal",
      "measurements": {
        "messageCharLen": 12,
        "promptTokenLen": 10,
      },
      "properties": {
        "codeBlockLanguages": "{}",
        "conversationId": "some-session-id",
        "headerRequestId": "some-uuid",
        "messageId": "some-uuid",
        "messageText": "response number 5",
        "mode": "ask",
        "replyType": "none",
        "source": "model",
        "suggestion": "test",
        "turnIndex": "1",
        "uiKind": "conversationPanel",
      },
    },
    {
      "eventName": "conversation.messageText",
      "eventType": "internal",
      "measurements": {
        "messageCharLen": 12,
        "promptTokenLen": 10,
      },
      "properties": {
        "codeBlockLanguages": "{}",
        "conversationId": "some-session-id",
        "headerRequestId": "some-uuid",
        "messageId": "some-uuid",
        "messageText": "response number 5",
        "mode": "ask",
        "replyType": "none",
        "source": "model",
        "suggestion": "test",
        "turnIndex": "1",
        "uiKind": "conversationPanel",
      },
    },
    {
      "eventName": "panel.request",
      "eventType": "default",
      "measurements": {
        "availableToolCount": 0,
        "codeGenInstructionFileCount": 0,
        "codeGenInstructionSettingsCount": 0,
        "codeGenInstructionsCount": 0,
        "codeGenInstructionsFilteredCount": 0,
        "codeGenInstructionsLength": 0,
        "isAuto": -1,
        "isBYOK": -1,
        "links": 0,
        "maybeOffTopic": 0,
        "messageTokenCount": 3,
        "numToolCalls": 1,
        "promptTokenCount": 10,
        "responseTokenCount": 4,
        "round": 0,
        "summarizationEnabled": 1,
        "textBlocks": 1,
        "timeToComplete": "<duration>",
        "timeToFirstToken": "<duration>",
        "timeToRequest": "<duration>",
        "toolTokenCount": 0,
        "turn": 1,
        "userPromptCount": 1,
      },
      "properties": {
        "apiType": undefined,
        "codeBlocks": "",
        "command": "test",
        "contextTypes": "none",
        "conversationId": "some-session-id",
        "isParticipantDetected": "false",
        "isSystemInitiated": "false",
        "languageId": undefined,
        "mode": "ask",
        "model": "gpt-4.1-2025-04-14",
        "parentRequestId": undefined,
        "promptTypes": "1:12",
        "requestId": "turn-id-0",
        "responseId": "turn-id-0",
        "responseType": "success",
        "slashCommand": "",
        "toolCounts": "{"my_func":1}",
        "vscodeRequestId": "some-uuid",
      },
    },
    {
      "eventName": "panel_request",
      "eventType": "default",
      "measurements": {
        "availableToolCount": 0,
        "isAgent": 0,
        "links": 0,
        "maybeOffTopic": 0,
        "messageTokenCount": 3,
        "numToolCalls": 1,
        "promptTokenCount": 10,
        "responseTokenCount": 4,
        "round": 0,
        "textBlocks": 1,
        "timeToComplete": "<duration>",
        "timeToFirstToken": "<duration>",
        "timeToRequest": "<duration>",
        "turn": 1,
        "userPromptCount": 1,
      },
      "properties": {
        "codeBlocks": "[]",
        "command": "test",
        "conversationId": "some-session-id",
        "isParticipantDetected": "false",
        "languageId": "",
        "mode": "ask",
        "model": "gpt-4.1-2025-04-14",
        "requestId": "turn-id-0",
        "responseType": "success",
        "toolCounts": "{"my_func":1}",
        "vscodeRequestId": "some-uuid",
      },
    },
    {
      "eventName": "interactiveSessionResponse",
      "eventType": "internal",
      "measurements": {
        "turnNumber": 1,
      },
      "properties": {
        "apiType": undefined,
        "baseModel": "gpt-4.1-2025-04-14",
        "chatLocation": "panel",
        "intent": "test",
        "isParticipantDetected": "false",
        "request": "hello world!",
        "requestId": "some-uuid",
        "response": "response number 5",
        "sessionId": "some-session-id",
      },
    },
    {
      "eventName": "interactiveSessionMessage",
      "eventType": "internal",
      "measurements": {
        "turnNumber": 1,
      },
      "properties": {
        "apiType": undefined,
        "baseModel": "gpt-4.1-2025-04-14",
        "chatLocation": "panel",
        "contextTypes": "none",
        "detectedIntent": "none",
        "intent": "test",
        "isParticipantDetected": "false",
        "query": "hello world!",
        "requestId": "some-uuid",
        "sessionId": "some-session-id",
      },
    },
    {
      "eventName": "conversation.message",
      "eventType": "default",
      "measurements": {
        "messageCharLen": 12,
        "promptTokenLen": 10,
      },
      "properties": {
        "conversationId": "some-session-id",
        "headerRequestId": "",
        "messageId": "some-uuid",
        "mode": "ask",
        "offTopic": "false",
        "source": "user",
        "suggestion": "test",
        "turnIndex": "0",
        "uiKind": "conversationPanel",
      },
    },
    {
      "eventName": "conversation.messageText",
      "eventType": "internal",
      "measurements": {
        "messageCharLen": 12,
        "promptTokenLen": 10,
      },
      "properties": {
        "conversationId": "some-session-id",
        "headerRequestId": "",
        "messageId": "some-uuid",
        "messageText": "hello world!",
        "mode": "ask",
        "offTopic": "false",
        "source": "user",
        "suggestion": "test",
        "turnIndex": "0",
        "uiKind": "conversationPanel",
      },
    },
    {
      "eventName": "conversation.messageText",
      "eventType": "internal",
      "measurements": {
        "messageCharLen": 12,
        "promptTokenLen": 10,
      },
      "properties": {
        "conversationId": "some-session-id",
        "headerRequestId": "",
        "messageId": "some-uuid",
        "messageText": "hello world!",
        "mode": "ask",
        "offTopic": "false",
        "source": "user",
        "suggestion": "test",
        "turnIndex": "0",
        "uiKind": "conversationPanel",
      },
    },
    {
      "eventName": "conversation.message",
      "eventType": "default",
      "measurements": {
        "messageCharLen": 17,
        "numCodeBlocks": 0,
        "promptTokenLen": 10,
      },
      "properties": {
        "codeBlockLanguages": "{}",
        "conversationId": "some-session-id",
        "headerRequestId": "some-uuid",
        "messageId": "some-uuid",
        "mode": "ask",
        "replyType": "none",
        "source": "model",
        "suggestion": "test",
        "turnIndex": "1",
        "uiKind": "conversationPanel",
      },
    },
    {
      "eventName": "conversation.messageText",
      "eventType": "internal",
      "measurements": {
        "messageCharLen": 12,
        "promptTokenLen": 10,
      },
      "properties": {
        "codeBlockLanguages": "{}",
        "conversationId": "some-session-id",
        "headerRequestId": "some-uuid",
        "messageId": "some-uuid",
        "messageText": "response number 6",
        "mode": "ask",
        "replyType": "none",
        "source": "model",
        "suggestion": "test",
        "turnIndex": "1",
        "uiKind": "conversationPanel",
      },
    },
    {
      "eventName": "conversation.messageText",
      "eventType": "internal",
      "measurements": {
        "messageCharLen": 12,
        "promptTokenLen": 10,
      },
      "properties": {
        "codeBlockLanguages": "{}",
        "conversationId": "some-session-id",
        "headerRequestId": "some-uuid",
        "messageId": "some-uuid",
        "messageText": "response number 6",
        "mode": "ask",
        "replyType": "none",
        "source": "model",
        "suggestion": "test",
        "turnIndex": "1",
        "uiKind": "conversationPanel",
      },
    },
    {
      "eventName": "panel.request",
      "eventType": "default",
      "measurements": {
        "availableToolCount": 0,
        "codeGenInstructionFileCount": 0,
        "codeGenInstructionSettingsCount": 0,
        "codeGenInstructionsCount": 0,
        "codeGenInstructionsFilteredCount": 0,
        "codeGenInstructionsLength": 0,
        "isAuto": -1,
        "isBYOK": -1,
        "links": 0,
        "maybeOffTopic": 0,
        "messageTokenCount": 3,
        "numToolCalls": 1,
        "promptTokenCount": 10,
        "responseTokenCount": 4,
        "round": 0,
        "summarizationEnabled": 1,
        "textBlocks": 1,
        "timeToComplete": "<duration>",
        "timeToFirstToken": "<duration>",
        "timeToRequest": "<duration>",
        "toolTokenCount": 0,
        "turn": 1,
        "userPromptCount": 1,
      },
      "properties": {
        "apiType": undefined,
        "codeBlocks": "",
        "command": "test",
        "contextTypes": "none",
        "conversationId": "some-session-id",
        "isParticipantDetected": "false",
        "isSystemInitiated": "false",
        "languageId": undefined,
        "mode": "ask",
        "model": "gpt-4.1-2025-04-14",
        "parentRequestId": undefined,
        "promptTypes": "1:12",
        "requestId": "turn-id-0",
        "responseId": "turn-id-0",
        "responseType": "success",
        "slashCommand": "",
        "toolCounts": "{"my_func":1}",
        "vscodeRequestId": "some-uuid",
      },
    },
    {
      "eventName": "panel_request",
      "eventType": "default",
      "measurements": {
        "availableToolCount": 0,
        "isAgent": 0,
        "links": 0,
        "maybeOffTopic": 0,
        "messageTokenCount": 3,
        "numToolCalls": 1,
        "promptTokenCount": 10,
        "responseTokenCount": 4,
        "round": 0,
        "textBlocks": 1,
        "timeToComplete": "<duration>",
        "timeToFirstToken": "<duration>",
        "timeToRequest": "<duration>",
        "turn": 1,
        "userPromptCount": 1,
      },
      "properties": {
        "codeBlocks": "[]",
        "command": "test",
        "conversationId": "some-session-id",
        "isParticipantDetected": "false",
        "languageId": "",
        "mode": "ask",
        "model": "gpt-4.1-2025-04-14",
        "requestId": "turn-id-0",
        "responseType": "success",
        "toolCounts": "{"my_func":1}",
        "vscodeRequestId": "some-uuid",
      },
    },
    {
      "eventName": "interactiveSessionResponse",
      "eventType": "internal",
      "measurements": {
        "turnNumber": 1,
      },
      "properties": {
        "apiType": undefined,
        "baseModel": "gpt-4.1-2025-04-14",
        "chatLocation": "panel",
        "intent": "test",
        "isParticipantDetected": "false",
        "request": "hello world!",
        "requestId": "some-uuid",
        "response": "response number 6",
        "sessionId": "some-session-id",
      },
    },
    {
      "eventName": "interactiveSessionMessage",
      "eventType": "internal",
      "measurements": {
        "turnNumber": 1,
      },
      "properties": {
        "apiType": undefined,
        "baseModel": "gpt-4.1-2025-04-14",
        "chatLocation": "panel",
        "contextTypes": "none",
        "detectedIntent": "none",
        "intent": "test",
        "isParticipantDetected": "false",
        "query": "hello world!",
        "requestId": "some-uuid",
        "sessionId": "some-session-id",
      },
    },
    {
      "eventName": "conversation.message",
      "eventType": "default",
      "measurements": {
        "messageCharLen": 12,
        "promptTokenLen": 10,
      },
      "properties": {
        "conversationId": "some-session-id",
        "headerRequestId": "",
        "messageId": "some-uuid",
        "mode": "ask",
        "offTopic": "false",
        "source": "user",
        "suggestion": "test",
        "turnIndex": "0",
        "uiKind": "conversationPanel",
      },
    },
    {
      "eventName": "conversation.messageText",
      "eventType": "internal",
      "measurements": {
        "messageCharLen": 12,
        "promptTokenLen": 10,
      },
      "properties": {
        "conversationId": "some-session-id",
        "headerRequestId": "",
        "messageId": "some-uuid",
        "messageText": "hello world!",
        "mode": "ask",
        "offTopic": "false",
        "source": "user",
        "suggestion": "test",
        "turnIndex": "0",
        "uiKind": "conversationPanel",
      },
    },
    {
      "eventName": "conversation.messageText",
      "eventType": "internal",
      "measurements": {
        "messageCharLen": 12,
        "promptTokenLen": 10,
      },
      "properties": {
        "conversationId": "some-session-id",
        "headerRequestId": "",
        "messageId": "some-uuid",
        "messageText": "hello world!",
        "mode": "ask",
        "offTopic": "false",
        "source": "user",
        "suggestion": "test",
        "turnIndex": "0",
        "uiKind": "conversationPanel",
      },
    },
    {
      "eventName": "conversation.message",
      "eventType": "default",
      "measurements": {
        "messageCharLen": 17,
        "numCodeBlocks": 0,
        "promptTokenLen": 10,
      },
      "properties": {
        "codeBlockLanguages": "{}",
        "conversationId": "some-session-id",
        "headerRequestId": "some-uuid",
        "messageId": "some-uuid",
        "mode": "ask",
        "replyType": "none",
        "source": "model",
        "suggestion": "test",
        "turnIndex": "1",
        "uiKind": "conversationPanel",
      },
    },
    {
      "eventName": "conversation.messageText",
      "eventType": "internal",
      "measurements": {
        "messageCharLen": 12,
        "promptTokenLen": 10,
      },
      "properties": {
        "codeBlockLanguages": "{}",
        "conversationId": "some-session-id",
        "headerRequestId": "some-uuid",
        "messageId": "some-uuid",
        "messageText": "response number 7",
        "mode": "ask",
        "replyType": "none",
        "source": "model",
        "suggestion": "test",
        "turnIndex": "1",
        "uiKind": "conversationPanel",
      },
    },
    {
      "eventName": "conversation.messageText",
      "eventType": "internal",
      "measurements": {
        "messageCharLen": 12,
        "promptTokenLen": 10,
      },
      "properties": {
        "codeBlockLanguages": "{}",
        "conversationId": "some-session-id",
        "headerRequestId": "some-uuid",
        "messageId": "some-uuid",
        "messageText": "response number 7",
        "mode": "ask",
        "replyType": "none",
        "source": "model",
        "suggestion": "test",
        "turnIndex": "1",
        "uiKind": "conversationPanel",
      },
    },
    {
      "eventName": "panel.request",
      "eventType": "default",
      "measurements": {
        "availableToolCount": 0,
        "codeGenInstructionFileCount": 0,
        "codeGenInstructionSettingsCount": 0,
        "codeGenInstructionsCount": 0,
        "codeGenInstructionsFilteredCount": 0,
        "codeGenInstructionsLength": 0,
        "isAuto": -1,
        "isBYOK": -1,
        "links": 0,
        "maybeOffTopic": 0,
        "messageTokenCount": 3,
        "numToolCalls": 1,
        "promptTokenCount": 10,
        "responseTokenCount": 4,
        "round": 0,
        "summarizationEnabled": 1,
        "textBlocks": 1,
        "timeToComplete": "<duration>",
        "timeToFirstToken": "<duration>",
        "timeToRequest": "<duration>",
        "toolTokenCount": 0,
        "turn": 1,
        "userPromptCount": 1,
      },
      "properties": {
        "apiType": undefined,
        "codeBlocks": "",
        "command": "test",
        "contextTypes": "none",
        "conversationId": "some-session-id",
        "isParticipantDetected": "false",
        "isSystemInitiated": "false",
        "languageId": undefined,
        "mode": "ask",
        "model": "gpt-4.1-2025-04-14",
        "parentRequestId": undefined,
        "promptTypes": "1:12",
        "requestId": "turn-id-0",
        "responseId": "turn-id-0",
        "responseType": "success",
        "slashCommand": "",
        "toolCounts": "{"my_func":1}",
        "vscodeRequestId": "some-uuid",
      },
    },
    {
      "eventName": "panel_request",
      "eventType": "default",
      "measurements": {
        "availableToolCount": 0,
        "isAgent": 0,
        "links": 0,
        "maybeOffTopic": 0,
        "messageTokenCount": 3,
        "numToolCalls": 1,
        "promptTokenCount": 10,
        "responseTokenCount": 4,
        "round": 0,
        "textBlocks": 1,
        "timeToComplete": "<duration>",
        "timeToFirstToken": "<duration>",
        "timeToRequest": "<duration>",
        "turn": 1,
        "userPromptCount": 1,
      },
      "properties": {
        "codeBlocks": "[]",
        "command": "test",
        "conversationId": "some-session-id",
        "isParticipantDetected": "false",
        "languageId": "",
        "mode": "ask",
        "model": "gpt-4.1-2025-04-14",
        "requestId": "turn-id-0",
        "responseType": "success",
        "toolCounts": "{"my_func":1}",
        "vscodeRequestId": "some-uuid",
      },
    },
    {
      "eventName": "interactiveSessionResponse",
      "eventType": "internal",
      "measurements": {
        "turnNumber": 1,
      },
      "properties": {
        "apiType": undefined,
        "baseModel": "gpt-4.1-2025-04-14",
        "chatLocation": "panel",
        "intent": "test",
        "isParticipantDetected": "false",
        "request": "hello world!",
        "requestId": "some-uuid",
        "response": "response number 7",
        "sessionId": "some-session-id",
      },
    },
    {
      "eventName": "conversation.message",
      "eventType": "default",
      "measurements": {
        "messageCharLen": 17,
        "numCodeBlocks": 0,
      },
      "properties": {
        "codeBlockLanguages": "{}",
        "conversationId": "some-session-id",
        "headerRequestId": "",
        "messageId": "some-uuid",
        "mode": "ask",
        "source": "model",
        "turnIndex": "1",
        "uiKind": "conversationPanel",
      },
    },
    {
      "eventName": "conversation.messageText",
      "eventType": "internal",
      "measurements": {},
      "properties": {
        "codeBlockLanguages": "{}",
        "conversationId": "some-session-id",
        "headerRequestId": "",
        "messageId": "some-uuid",
        "messageText": "response number 7",
        "mode": "ask",
        "source": "model",
        "turnIndex": "1",
        "uiKind": "conversationPanel",
      },
    },
    {
      "eventName": "conversation.messageText",
      "eventType": "internal",
      "measurements": {},
      "properties": {
        "codeBlockLanguages": "{}",
        "conversationId": "some-session-id",
        "headerRequestId": "",
        "messageId": "some-uuid",
        "messageText": "response number 7",
        "mode": "ask",
        "source": "model",
        "turnIndex": "1",
        "uiKind": "conversationPanel",
      },
    },
  ],
}
`;

exports[`defaultIntentRequestHandler > makes a successful request with a single turn 1`] = `
{
  "metadata": {
    "codeBlocks": [],
    "resolvedModel": "",
    "toolCallResults": undefined,
    "toolCallRounds": [
      ToolCallRound {
        "compaction": undefined,
        "id": "static-id",
        "modelId": "gpt-4.1-2025-04-14",
        "phase": undefined,
        "response": "some response here :)",
        "statefulMarker": undefined,
        "summary": undefined,
        "thinking": undefined,
        "timestamp": 0,
        "toolCalls": [],
        "toolInputRetry": 0,
      },
    ],
  },
}
`;

exports[`defaultIntentRequestHandler > makes a successful request with a single turn 2`] = `
{
  "telemetrySenderEvents": [],
  "telemetryServiceEvents": [
    {
      "eventName": "interactiveSessionMessage",
      "eventType": "internal",
      "measurements": {
        "turnNumber": 1,
      },
      "properties": {
        "apiType": undefined,
        "baseModel": "gpt-4.1-2025-04-14",
        "chatLocation": "panel",
        "contextTypes": "none",
        "detectedIntent": "none",
        "intent": "test",
        "isParticipantDetected": "false",
        "query": "hello world!",
        "requestId": "some-uuid",
        "sessionId": "some-session-id",
      },
    },
    {
      "eventName": "conversation.message",
      "eventType": "default",
      "measurements": {
        "messageCharLen": 12,
        "promptTokenLen": 10,
      },
      "properties": {
        "conversationId": "some-session-id",
        "headerRequestId": "",
        "messageId": "some-uuid",
        "mode": "ask",
        "offTopic": "false",
        "source": "user",
        "suggestion": "test",
        "turnIndex": "0",
        "uiKind": "conversationPanel",
      },
    },
    {
      "eventName": "conversation.messageText",
      "eventType": "internal",
      "measurements": {
        "messageCharLen": 12,
        "promptTokenLen": 10,
      },
      "properties": {
        "conversationId": "some-session-id",
        "headerRequestId": "",
        "messageId": "some-uuid",
        "messageText": "hello world!",
        "mode": "ask",
        "offTopic": "false",
        "source": "user",
        "suggestion": "test",
        "turnIndex": "0",
        "uiKind": "conversationPanel",
      },
    },
    {
      "eventName": "conversation.messageText",
      "eventType": "internal",
      "measurements": {
        "messageCharLen": 12,
        "promptTokenLen": 10,
      },
      "properties": {
        "conversationId": "some-session-id",
        "headerRequestId": "",
        "messageId": "some-uuid",
        "messageText": "hello world!",
        "mode": "ask",
        "offTopic": "false",
        "source": "user",
        "suggestion": "test",
        "turnIndex": "0",
        "uiKind": "conversationPanel",
      },
    },
    {
      "eventName": "conversation.message",
      "eventType": "default",
      "measurements": {
        "messageCharLen": 21,
        "numCodeBlocks": 0,
        "promptTokenLen": 10,
      },
      "properties": {
        "codeBlockLanguages": "{}",
        "conversationId": "some-session-id",
        "headerRequestId": "some-uuid",
        "messageId": "some-uuid",
        "mode": "ask",
        "replyType": "none",
        "source": "model",
        "suggestion": "test",
        "turnIndex": "1",
        "uiKind": "conversationPanel",
      },
    },
    {
      "eventName": "conversation.messageText",
      "eventType": "internal",
      "measurements": {
        "messageCharLen": 12,
        "promptTokenLen": 10,
      },
      "properties": {
        "codeBlockLanguages": "{}",
        "conversationId": "some-session-id",
        "headerRequestId": "some-uuid",
        "messageId": "some-uuid",
        "messageText": "some response here :)",
        "mode": "ask",
        "replyType": "none",
        "source": "model",
        "suggestion": "test",
        "turnIndex": "1",
        "uiKind": "conversationPanel",
      },
    },
    {
      "eventName": "conversation.messageText",
      "eventType": "internal",
      "measurements": {
        "messageCharLen": 12,
        "promptTokenLen": 10,
      },
      "properties": {
        "codeBlockLanguages": "{}",
        "conversationId": "some-session-id",
        "headerRequestId": "some-uuid",
        "messageId": "some-uuid",
        "messageText": "some response here :)",
        "mode": "ask",
        "replyType": "none",
        "source": "model",
        "suggestion": "test",
        "turnIndex": "1",
        "uiKind": "conversationPanel",
      },
    },
    {
      "eventName": "panel.request",
      "eventType": "default",
      "measurements": {
        "availableToolCount": 0,
        "codeGenInstructionFileCount": 0,
        "codeGenInstructionSettingsCount": 0,
        "codeGenInstructionsCount": 0,
        "codeGenInstructionsFilteredCount": 0,
        "codeGenInstructionsLength": 0,
        "isAuto": -1,
        "isBYOK": -1,
        "links": 0,
        "maybeOffTopic": 0,
        "messageTokenCount": 3,
        "numToolCalls": 0,
        "promptTokenCount": 10,
        "responseTokenCount": 4,
        "round": 0,
        "summarizationEnabled": 1,
        "textBlocks": 1,
        "timeToComplete": "<duration>",
        "timeToFirstToken": "<duration>",
        "timeToRequest": "<duration>",
        "toolTokenCount": 0,
        "turn": 1,
        "userPromptCount": 1,
      },
      "properties": {
        "apiType": undefined,
        "codeBlocks": "",
        "command": "test",
        "contextTypes": "none",
        "conversationId": "some-session-id",
        "isParticipantDetected": "false",
        "isSystemInitiated": "false",
        "languageId": undefined,
        "mode": "ask",
        "model": "gpt-4.1-2025-04-14",
        "parentRequestId": undefined,
        "promptTypes": "1:12",
        "requestId": "turn-id-0",
        "responseId": "turn-id-0",
        "responseType": "success",
        "slashCommand": "",
        "toolCounts": "{}",
        "vscodeRequestId": "some-uuid",
      },
    },
    {
      "eventName": "panel_request",
      "eventType": "default",
      "measurements": {
        "availableToolCount": 0,
        "isAgent": 0,
        "links": 0,
        "maybeOffTopic": 0,
        "messageTokenCount": 3,
        "numToolCalls": 0,
        "promptTokenCount": 10,
        "responseTokenCount": 4,
        "round": 0,
        "textBlocks": 1,
        "timeToComplete": "<duration>",
        "timeToFirstToken": "<duration>",
        "timeToRequest": "<duration>",
        "turn": 1,
        "userPromptCount": 1,
      },
      "properties": {
        "codeBlocks": "[]",
        "command": "test",
        "conversationId": "some-session-id",
        "isParticipantDetected": "false",
        "languageId": "",
        "mode": "ask",
        "model": "gpt-4.1-2025-04-14",
        "requestId": "turn-id-0",
        "responseType": "success",
        "toolCounts": "{}",
        "vscodeRequestId": "some-uuid",
      },
    },
    {
      "eventName": "interactiveSessionResponse",
      "eventType": "internal",
      "measurements": {
        "turnNumber": 1,
      },
      "properties": {
        "apiType": undefined,
        "baseModel": "gpt-4.1-2025-04-14",
        "chatLocation": "panel",
        "intent": "test",
        "isParticipantDetected": "false",
        "request": "hello world!",
        "requestId": "some-uuid",
        "response": "some response here :)",
        "sessionId": "some-session-id",
      },
    },
    {
      "eventName": "conversation.message",
      "eventType": "default",
      "measurements": {
        "messageCharLen": 21,
        "numCodeBlocks": 0,
      },
      "properties": {
        "codeBlockLanguages": "{}",
        "conversationId": "some-session-id",
        "headerRequestId": "",
        "messageId": "some-uuid",
        "mode": "ask",
        "source": "model",
        "turnIndex": "1",
        "uiKind": "conversationPanel",
      },
    },
    {
      "eventName": "conversation.messageText",
      "eventType": "internal",
      "measurements": {},
      "properties": {
        "codeBlockLanguages": "{}",
        "conversationId": "some-session-id",
        "headerRequestId": "",
        "messageId": "some-uuid",
        "messageText": "some response here :)",
        "mode": "ask",
        "source": "model",
        "turnIndex": "1",
        "uiKind": "conversationPanel",
      },
    },
    {
      "eventName": "conversation.messageText",
      "eventType": "internal",
      "measurements": {},
      "properties": {
        "codeBlockLanguages": "{}",
        "conversationId": "some-session-id",
        "headerRequestId": "",
        "messageId": "some-uuid",
        "messageText": "some response here :)",
        "mode": "ask",
        "source": "model",
        "turnIndex": "1",
        "uiKind": "conversationPanel",
      },
    },
  ],
}
`;

exports[`defaultIntentRequestHandler > makes a tool call turn 1`] = `
{
  "metadata": {
    "codeBlocks": [],
    "resolvedModel": "",
    "toolCallResults": {
      "tool_call_id__vscode-0": LanguageModelToolResult {
        "content": [
          LanguageModelTextPart {
            "value": "tool-result",
          },
        ],
      },
    },
    "toolCallRounds": [
      ToolCallRound {
        "compaction": undefined,
        "id": "static-id",
        "modelId": "gpt-4.1-2025-04-14",
        "phase": undefined,
        "response": "some response here :)",
        "statefulMarker": undefined,
        "summary": undefined,
        "thinking": undefined,
        "timestamp": 0,
        "toolCalls": [
          {
            "arguments": "some args here",
            "id": "tool_call_id__vscode-0",
            "name": "my_func",
          },
        ],
        "toolInputRetry": 0,
      },
      ToolCallRound {
        "compaction": undefined,
        "id": "static-id",
        "modelId": "gpt-4.1-2025-04-14",
        "phase": undefined,
        "response": "response to tool call",
        "statefulMarker": undefined,
        "summary": undefined,
        "thinking": undefined,
        "timestamp": 0,
        "toolCalls": [],
        "toolInputRetry": 0,
      },
    ],
  },
}
`;

exports[`defaultIntentRequestHandler > makes a tool call turn 2`] = `
{
  "telemetrySenderEvents": [],
  "telemetryServiceEvents": [
    {
      "eventName": "interactiveSessionMessage",
      "eventType": "internal",
      "measurements": {
        "turnNumber": 1,
      },
      "properties": {
        "apiType": undefined,
        "baseModel": "gpt-4.1-2025-04-14",
        "chatLocation": "panel",
        "contextTypes": "none",
        "detectedIntent": "none",
        "intent": "test",
        "isParticipantDetected": "false",
        "query": "hello world!",
        "requestId": "some-uuid",
        "sessionId": "some-session-id",
      },
    },
    {
      "eventName": "conversation.message",
      "eventType": "default",
      "measurements": {
        "messageCharLen": 12,
        "promptTokenLen": 10,
      },
      "properties": {
        "conversationId": "some-session-id",
        "headerRequestId": "",
        "messageId": "some-uuid",
        "mode": "ask",
        "offTopic": "false",
        "source": "user",
        "suggestion": "test",
        "turnIndex": "0",
        "uiKind": "conversationPanel",
      },
    },
    {
      "eventName": "conversation.messageText",
      "eventType": "internal",
      "measurements": {
        "messageCharLen": 12,
        "promptTokenLen": 10,
      },
      "properties": {
        "conversationId": "some-session-id",
        "headerRequestId": "",
        "messageId": "some-uuid",
        "messageText": "hello world!",
        "mode": "ask",
        "offTopic": "false",
        "source": "user",
        "suggestion": "test",
        "turnIndex": "0",
        "uiKind": "conversationPanel",
      },
    },
    {
      "eventName": "conversation.messageText",
      "eventType": "internal",
      "measurements": {
        "messageCharLen": 12,
        "promptTokenLen": 10,
      },
      "properties": {
        "conversationId": "some-session-id",
        "headerRequestId": "",
        "messageId": "some-uuid",
        "messageText": "hello world!",
        "mode": "ask",
        "offTopic": "false",
        "source": "user",
        "suggestion": "test",
        "turnIndex": "0",
        "uiKind": "conversationPanel",
      },
    },
    {
      "eventName": "conversation.message",
      "eventType": "default",
      "measurements": {
        "messageCharLen": 21,
        "numCodeBlocks": 0,
        "promptTokenLen": 10,
      },
      "properties": {
        "codeBlockLanguages": "{}",
        "conversationId": "some-session-id",
        "headerRequestId": "some-uuid",
        "messageId": "some-uuid",
        "mode": "ask",
        "replyType": "none",
        "source": "model",
        "suggestion": "test",
        "turnIndex": "1",
        "uiKind": "conversationPanel",
      },
    },
    {
      "eventName": "conversation.messageText",
      "eventType": "internal",
      "measurements": {
        "messageCharLen": 12,
        "promptTokenLen": 10,
      },
      "properties": {
        "codeBlockLanguages": "{}",
        "conversationId": "some-session-id",
        "headerRequestId": "some-uuid",
        "messageId": "some-uuid",
        "messageText": "some response here :)",
        "mode": "ask",
        "replyType": "none",
        "source": "model",
        "suggestion": "test",
        "turnIndex": "1",
        "uiKind": "conversationPanel",
      },
    },
    {
      "eventName": "conversation.messageText",
      "eventType": "internal",
      "measurements": {
        "messageCharLen": 12,
        "promptTokenLen": 10,
      },
      "properties": {
        "codeBlockLanguages": "{}",
        "conversationId": "some-session-id",
        "headerRequestId": "some-uuid",
        "messageId": "some-uuid",
        "messageText": "some response here :)",
        "mode": "ask",
        "replyType": "none",
        "source": "model",
        "suggestion": "test",
        "turnIndex": "1",
        "uiKind": "conversationPanel",
      },
    },
    {
      "eventName": "panel.request",
      "eventType": "default",
      "measurements": {
        "availableToolCount": 0,
        "codeGenInstructionFileCount": 0,
        "codeGenInstructionSettingsCount": 0,
        "codeGenInstructionsCount": 0,
        "codeGenInstructionsFilteredCount": 0,
        "codeGenInstructionsLength": 0,
        "isAuto": -1,
        "isBYOK": -1,
        "links": 0,
        "maybeOffTopic": 0,
        "messageTokenCount": 3,
        "numToolCalls": 1,
        "promptTokenCount": 10,
        "responseTokenCount": 4,
        "round": 0,
        "summarizationEnabled": 1,
        "textBlocks": 1,
        "timeToComplete": "<duration>",
        "timeToFirstToken": "<duration>",
        "timeToRequest": "<duration>",
        "toolTokenCount": 0,
        "turn": 1,
        "userPromptCount": 1,
      },
      "properties": {
        "apiType": undefined,
        "codeBlocks": "",
        "command": "test",
        "contextTypes": "none",
        "conversationId": "some-session-id",
        "isParticipantDetected": "false",
        "isSystemInitiated": "false",
        "languageId": undefined,
        "mode": "ask",
        "model": "gpt-4.1-2025-04-14",
        "parentRequestId": undefined,
        "promptTypes": "1:12",
        "requestId": "turn-id-0",
        "responseId": "turn-id-0",
        "responseType": "success",
        "slashCommand": "",
        "toolCounts": "{"my_func":1}",
        "vscodeRequestId": "some-uuid",
      },
    },
    {
      "eventName": "panel_request",
      "eventType": "default",
      "measurements": {
        "availableToolCount": 0,
        "isAgent": 0,
        "links": 0,
        "maybeOffTopic": 0,
        "messageTokenCount": 3,
        "numToolCalls": 1,
        "promptTokenCount": 10,
        "responseTokenCount": 4,
        "round": 0,
        "textBlocks": 1,
        "timeToComplete": "<duration>",
        "timeToFirstToken": "<duration>",
        "timeToRequest": "<duration>",
        "turn": 1,
        "userPromptCount": 1,
      },
      "properties": {
        "codeBlocks": "[]",
        "command": "test",
        "conversationId": "some-session-id",
        "isParticipantDetected": "false",
        "languageId": "",
        "mode": "ask",
        "model": "gpt-4.1-2025-04-14",
        "requestId": "turn-id-0",
        "responseType": "success",
        "toolCounts": "{"my_func":1}",
        "vscodeRequestId": "some-uuid",
      },
    },
    {
      "eventName": "interactiveSessionResponse",
      "eventType": "internal",
      "measurements": {
        "turnNumber": 1,
      },
      "properties": {
        "apiType": undefined,
        "baseModel": "gpt-4.1-2025-04-14",
        "chatLocation": "panel",
        "intent": "test",
        "isParticipantDetected": "false",
        "request": "hello world!",
        "requestId": "some-uuid",
        "response": "some response here :)",
        "sessionId": "some-session-id",
      },
    },
    {
      "eventName": "interactiveSessionMessage",
      "eventType": "internal",
      "measurements": {
        "turnNumber": 1,
      },
      "properties": {
        "apiType": undefined,
        "baseModel": "gpt-4.1-2025-04-14",
        "chatLocation": "panel",
        "contextTypes": "none",
        "detectedIntent": "none",
        "intent": "test",
        "isParticipantDetected": "false",
        "query": "hello world!",
        "requestId": "some-uuid",
        "sessionId": "some-session-id",
      },
    },
    {
      "eventName": "conversation.message",
      "eventType": "default",
      "measurements": {
        "messageCharLen": 12,
        "promptTokenLen": 10,
      },
      "properties": {
        "conversationId": "some-session-id",
        "headerRequestId": "",
        "messageId": "some-uuid",
        "mode": "ask",
        "offTopic": "false",
        "source": "user",
        "suggestion": "test",
        "turnIndex": "0",
        "uiKind": "conversationPanel",
      },
    },
    {
      "eventName": "conversation.messageText",
      "eventType": "internal",
      "measurements": {
        "messageCharLen": 12,
        "promptTokenLen": 10,
      },
      "properties": {
        "conversationId": "some-session-id",
        "headerRequestId": "",
        "messageId": "some-uuid",
        "messageText": "hello world!",
        "mode": "ask",
        "offTopic": "false",
        "source": "user",
        "suggestion": "test",
        "turnIndex": "0",
        "uiKind": "conversationPanel",
      },
    },
    {
      "eventName": "conversation.messageText",
      "eventType": "internal",
      "measurements": {
        "messageCharLen": 12,
        "promptTokenLen": 10,
      },
      "properties": {
        "conversationId": "some-session-id",
        "headerRequestId": "",
        "messageId": "some-uuid",
        "messageText": "hello world!",
        "mode": "ask",
        "offTopic": "false",
        "source": "user",
        "suggestion": "test",
        "turnIndex": "0",
        "uiKind": "conversationPanel",
      },
    },
    {
      "eventName": "conversation.message",
      "eventType": "default",
      "measurements": {
        "messageCharLen": 21,
        "numCodeBlocks": 0,
        "promptTokenLen": 10,
      },
      "properties": {
        "codeBlockLanguages": "{}",
        "conversationId": "some-session-id",
        "headerRequestId": "some-uuid",
        "messageId": "some-uuid",
        "mode": "ask",
        "replyType": "none",
        "source": "model",
        "suggestion": "test",
        "turnIndex": "1",
        "uiKind": "conversationPanel",
      },
    },
    {
      "eventName": "conversation.messageText",
      "eventType": "internal",
      "measurements": {
        "messageCharLen": 12,
        "promptTokenLen": 10,
      },
      "properties": {
        "codeBlockLanguages": "{}",
        "conversationId": "some-session-id",
        "headerRequestId": "some-uuid",
        "messageId": "some-uuid",
        "messageText": "response to tool call",
        "mode": "ask",
        "replyType": "none",
        "source": "model",
        "suggestion": "test",
        "turnIndex": "1",
        "uiKind": "conversationPanel",
      },
    },
    {
      "eventName": "conversation.messageText",
      "eventType": "internal",
      "measurements": {
        "messageCharLen": 12,
        "promptTokenLen": 10,
      },
      "properties": {
        "codeBlockLanguages": "{}",
        "conversationId": "some-session-id",
        "headerRequestId": "some-uuid",
        "messageId": "some-uuid",
        "messageText": "response to tool call",
        "mode": "ask",
        "replyType": "none",
        "source": "model",
        "suggestion": "test",
        "turnIndex": "1",
        "uiKind": "conversationPanel",
      },
    },
    {
      "eventName": "panel.request",
      "eventType": "default",
      "measurements": {
        "availableToolCount": 0,
        "codeGenInstructionFileCount": 0,
        "codeGenInstructionSettingsCount": 0,
        "codeGenInstructionsCount": 0,
        "codeGenInstructionsFilteredCount": 0,
        "codeGenInstructionsLength": 0,
        "isAuto": -1,
        "isBYOK": -1,
        "links": 0,
        "maybeOffTopic": 0,
        "messageTokenCount": 3,
        "numToolCalls": 0,
        "promptTokenCount": 10,
        "responseTokenCount": 4,
        "round": 0,
        "summarizationEnabled": 1,
        "textBlocks": 1,
        "timeToComplete": "<duration>",
        "timeToFirstToken": "<duration>",
        "timeToRequest": "<duration>",
        "toolTokenCount": 0,
        "turn": 1,
        "userPromptCount": 1,
      },
      "properties": {
        "apiType": undefined,
        "codeBlocks": "",
        "command": "test",
        "contextTypes": "none",
        "conversationId": "some-session-id",
        "isParticipantDetected": "false",
        "isSystemInitiated": "false",
        "languageId": undefined,
        "mode": "ask",
        "model": "gpt-4.1-2025-04-14",
        "parentRequestId": undefined,
        "promptTypes": "1:12",
        "requestId": "turn-id-0",
        "responseId": "turn-id-0",
        "responseType": "success",
        "slashCommand": "",
        "toolCounts": "{}",
        "vscodeRequestId": "some-uuid",
      },
    },
    {
      "eventName": "panel_request",
      "eventType": "default",
      "measurements": {
        "availableToolCount": 0,
        "isAgent": 0,
        "links": 0,
        "maybeOffTopic": 0,
        "messageTokenCount": 3,
        "numToolCalls": 0,
        "promptTokenCount": 10,
        "responseTokenCount": 4,
        "round": 0,
        "textBlocks": 1,
        "timeToComplete": "<duration>",
        "timeToFirstToken": "<duration>",
        "timeToRequest": "<duration>",
        "turn": 1,
        "userPromptCount": 1,
      },
      "properties": {
        "codeBlocks": "[]",
        "command": "test",
        "conversationId": "some-session-id",
        "isParticipantDetected": "false",
        "languageId": "",
        "mode": "ask",
        "model": "gpt-4.1-2025-04-14",
        "requestId": "turn-id-0",
        "responseType": "success",
        "toolCounts": "{}",
        "vscodeRequestId": "some-uuid",
      },
    },
    {
      "eventName": "interactiveSessionResponse",
      "eventType": "internal",
      "measurements": {
        "turnNumber": 1,
      },
      "properties": {
        "apiType": undefined,
        "baseModel": "gpt-4.1-2025-04-14",
        "chatLocation": "panel",
        "intent": "test",
        "isParticipantDetected": "false",
        "request": "hello world!",
        "requestId": "some-uuid",
        "response": "response to tool call",
        "sessionId": "some-session-id",
      },
    },
    {
      "eventName": "conversation.message",
      "eventType": "default",
      "measurements": {
        "messageCharLen": 21,
        "numCodeBlocks": 0,
      },
      "properties": {
        "codeBlockLanguages": "{}",
        "conversationId": "some-session-id",
        "headerRequestId": "",
        "messageId": "some-uuid",
        "mode": "ask",
        "source": "model",
        "turnIndex": "1",
        "uiKind": "conversationPanel",
      },
    },
    {
      "eventName": "conversation.messageText",
      "eventType": "internal",
      "measurements": {},
      "properties": {
        "codeBlockLanguages": "{}",
        "conversationId": "some-session-id",
        "headerRequestId": "",
        "messageId": "some-uuid",
        "messageText": "response to tool call",
        "mode": "ask",
        "source": "model",
        "turnIndex": "1",
        "uiKind": "conversationPanel",
      },
    },
    {
      "eventName": "conversation.messageText",
      "eventType": "internal",
      "measurements": {},
      "properties": {
        "codeBlockLanguages": "{}",
        "conversationId": "some-session-id",
        "headerRequestId": "",
        "messageId": "some-uuid",
        "messageText": "response to tool call",
        "mode": "ask",
        "source": "model",
        "turnIndex": "1",
        "uiKind": "conversationPanel",
      },
    },
  ],
}
`;
