/*---------------------------------------------------------------------------------------------
 *  Copyright (c) Microsoft Corporation and GitHub. All rights reserved.
 *--------------------------------------------------------------------------------------------*/
import { CharCode } from '../../../util/vs/common/charCode';

export interface ISimpleTextModel {
	getLineCount(): number;
	getLineContent(lineNumber: number): string;
	getOptions(): { tabSize: number };
}

export function computeRanges(model: ISimpleTextModel, languageId: string): FoldingRegions {
	const offSide = ['clojure','coffeescript','fsharp','latex','markdown','pug','python','sql','yaml'].includes(languageId.toLowerCase());
	return _computeRanges(model, offSide);
}

function _computeRanges(model: ISimpleTextModel, offSide: boolean): FoldingRegions {
	const tabSize = model.getOptions().tabSize;
	const result = new RangesCollector();
	const previousRegions: PreviousRegion[] = [];
	const line = model.getLineCount() + 1;
	previousRegions.push({ indent: -1, endAbove: line, line }); // sentinel, to make sure there's at least one entry
	for (let line = model.getLineCount(); line > 0; line--) {
		const lineContent = model.getLineContent(line);
		const indent = computeIndentLevel(lineContent, tabSize);
		let previous = previousRegions[previousRegions.length - 1];
		if (indent === -1) {
			if (offSide) {
				// for offSide languages, empty lines are associated to the previous block
				// note: the next block is already written to the results, so this only
				// impacts the end position of the block before
				previous.endAbove = line;
			}
			continue; // only whitespace
		}
		if (previous.indent > indent) {
			// discard all regions with larger indent
			do {
				previousRegions.pop();
				previous = previousRegions[previousRegions.length - 1];
			} while (previous.indent > indent);
			// new folding range
			const endLineNumber = previous.endAbove - 1;
			if (endLineNumber - line >= 1) { // needs at east size 1
				result.insertFirst(line, endLineNumber, indent);
			}
		}
		if (previous.indent === indent) {
			previous.endAbove = line;
		} else { // previous.indent < indent
			// new region with a bigger indent
			previousRegions.push({ indent, endAbove: line, line });
		}
	}
	return result.toIndentRanges();
}

interface PreviousRegion {
	indent: number; // indent or -2 if a marker
	endAbove: number; // end line number for the region above
	line: number; // start line of the region. Only used for marker regions.
}

const MAX_FOLDING_REGIONS = 0xFFFF;
const MAX_LINE_NUMBER = 0xFFFFFF;
const MASK_INDENT = 0xFF000000;

class RangesCollector {
	private readonly _startIndexes: number[];
	private readonly _endIndexes: number[];
	private readonly _indentOccurrences: number[];
	private _length: number;

	constructor() {
		this._startIndexes = [];
		this._endIndexes = [];
		this._indentOccurrences = [];
		this._length = 0;
	}
	public insertFirst(startLineNumber: number, endLineNumber: number, indent: number) {
		if (startLineNumber > MAX_LINE_NUMBER || endLineNumber > MAX_LINE_NUMBER) {
			return;
		}
		const index = this._length;
		this._startIndexes[index] = startLineNumber;
		this._endIndexes[index] = endLineNumber;
		this._length++;
		if (indent < 1000) {
			this._indentOccurrences[indent] = (this._indentOccurrences[indent] || 0) + 1;
		}
	}
	public toIndentRanges() {
		// reverse and create arrays of the exact length
		const startIndexes = new Uint32Array(this._length);
		const endIndexes = new Uint32Array(this._length);
		for (let i = this._length - 1, k = 0; i >= 0; i--, k++) {
			startIndexes[k] = this._startIndexes[i];
			endIndexes[k] = this._endIndexes[i];
		}
		return new FoldingRegions(startIndexes, endIndexes);
	}
}

/**
 * Returns:
 *  - -1 => the line consists of whitespace
 *  - otherwise => the indent level is returned value
 */
export function computeIndentLevel(line: string, tabSize: number): number {
	let indent = 0;
	let i = 0;
	const len = line.length;
	while (i < len) {
		const chCode = line.charCodeAt(i);
		if (chCode === CharCode.Space) {
			indent++;
		} else if (chCode === CharCode.Tab) {
			indent = indent - indent % tabSize + tabSize;
		} else {
			break;
		}
		i++;
	}

	if (i === len) {
		return -1; // line only consists of whitespace
	}
	return indent;
}

export class FoldingRegions {
	private readonly _startIndexes: Uint32Array;
	private readonly _endIndexes: Uint32Array;

	private _parentsComputed: boolean;

	constructor(startIndexes: Uint32Array, endIndexes: Uint32Array) {
		this._startIndexes = startIndexes;
		this._endIndexes = endIndexes;
		this._parentsComputed = false;
		this.ensureParentIndices();
	}
	private ensureParentIndices() {
		if (!this._parentsComputed) {
			this._parentsComputed = true;
			const parentIndexes: number[] = [];
			const isInsideLast = (startLineNumber: number, endLineNumber: number) => {
				const index = parentIndexes[parentIndexes.length - 1];
				return this.getStartLineNumber(index) <= startLineNumber && this.getEndLineNumber(index) >= endLineNumber;
			};
			for (let i = 0, len = this._startIndexes.length; i < len; i++) {
				const startLineNumber = this._startIndexes[i];
				const endLineNumber = this._endIndexes[i];
				if (startLineNumber > MAX_LINE_NUMBER || endLineNumber > MAX_LINE_NUMBER) {
					throw new Error('startLineNumber or endLineNumber must not exceed ' + MAX_LINE_NUMBER);
				}
				while (parentIndexes.length > 0 && !isInsideLast(startLineNumber, endLineNumber)) {
					parentIndexes.pop();
				}
				const parentIndex = parentIndexes.length > 0 ? parentIndexes[parentIndexes.length - 1] : -1;
				parentIndexes.push(i);
				this._startIndexes[i] = startLineNumber + ((parentIndex & 0xFF) << 24);
				this._endIndexes[i] = endLineNumber + ((parentIndex & 0xFF00) << 16);
			}
		}
	}
	public get length(): number {
		return this._startIndexes.length;
	}
	public getStartLineNumber(index: number): number {
		return this._startIndexes[index] & MAX_LINE_NUMBER;
	}
	public getEndLineNumber(index: number): number {
		return this._endIndexes[index] & MAX_LINE_NUMBER;
	}
	// public toRegion(index: number): FoldingRegion {
	// 	return new FoldingRegion(this, index);
	// }
	public getParentIndex(index: number) {
		this.ensureParentIndices();
		const parent = ((this._startIndexes[index] & MASK_INDENT) >>> 24) + ((this._endIndexes[index] & MASK_INDENT) >>> 16);
		if (parent === MAX_FOLDING_REGIONS) {
			return -1;
		}
		return parent;
	}
	public contains(index: number, line: number) {
		return this.getStartLineNumber(index) <= line && this.getEndLineNumber(index) >= line;
	}
	private findIndex(line: number) {
		let low = 0, high = this._startIndexes.length;
		if (high === 0) {
			return -1; // no children
		}
		while (low < high) {
			const mid = Math.floor((low + high) / 2);
			if (line < this.getStartLineNumber(mid)) {
				high = mid;
			} else {
				low = mid + 1;
			}
		}
		return low - 1;
	}
	public findRange(line: number): number {
		let index = this.findIndex(line);
		if (index >= 0) {
			const endLineNumber = this.getEndLineNumber(index);
			if (endLineNumber >= line) {
				return index;
			}
			index = this.getParentIndex(index);
			while (index !== -1) {
				if (this.contains(index, line)) {
					return index;
				}
				index = this.getParentIndex(index);
			}
		}
		return -1;
	}
	// public toString() {
	// 	const res: string[] = [];
	// 	for (let i = 0; i < this.length; i++) {
	// 		res[i] = `[${foldSourceAbbr[this.getSource(i)]}${this.isCollapsed(i) ? '+' : '-'}] ${this.getStartLineNumber(i)}/${this.getEndLineNumber(i)}`;
	// 	}
	// 	return res.join(', ');
	// }
	// public toFoldRange(index: number): FoldRange {
	// 	return <FoldRange>{
	// 		startLineNumber: this._startIndexes[index] & MAX_LINE_NUMBER,
	// 		endLineNumber: this._endIndexes[index] & MAX_LINE_NUMBER,
	// 		type: this._types ? this._types[index] : undefined,
	// 		isCollapsed: this.isCollapsed(index),
	// 		source: this.getSource(index)
	// 	};
	// }
}
