{
  "sandboxMode": "on-network-restricted",
  "allowToRunUnsandboxedCommands": false,
  "retryWithAllowNetworkRequests": false,
  "networkDomains": {
    "allowedDomains": [
      "github.com"
    ],
    "deniedDomains": [
      "evil.example.com"
    ]
  }
}
----
{
  "requestFileValidationCheck": {
    "type": "array",
    "description": "Sandbox write access checks to perform before running the command. Provide the file paths that the command needs to write.",
    "items": {
      "type": "string"
    }
  },
  "requestFileValidationCheckReason": {
    "type": "string",
    "description": "A short explanation of why this sandboxed command needs these file paths. Only provide this when requestFileValidationCheck is not empty."
  }
}
----

Sandboxing:
- Commands run inside a sandbox by default. The sandbox restricts two things independently: the filesystem and the network.
- Filesystem: read-only outside the workspace and $TMPDIR, which stay read-write. Parts of $HOME are hidden for privacy, but common developer tools (git, package managers, language toolchains) still work because their $HOME config and cache paths are automatically made readable.
- Use $TMPDIR for temporary files; /tmp may not be writable. On macOS and Linux the TMPDIR env var is set to a writable path.
- If a command needs sandboxed write access to specific file paths outside workspace, pass requestFileValidationCheck with those paths. VS Code checks sandbox access before execution and returns Access Denied without running the command when access is unavailable.
- Network: only these domains are reachable in the sandbox: github.com. Other domains fail.
- These domains are explicitly blocked in the sandbox: evil.example.com
- Running commands outside the sandbox is disabled by chat.agent.sandbox.allowUnsandboxedCommands. Do not set requestUnsandboxedExecution=true.