### User
~~~md
When generating code, please follow these user provided coding instructions. You can ignore an instruction if it contradicts a system message.
<instructions>
This is a test custom instruction file
</instructions>


[copilot_cache_control: { type: 'ephemeral' }]
~~~


### User
~~~md
<environment_info>
The user's current OS is: Linux
</environment_info>
<workspace_info>
I am working in a workspace with the following folders:
- /workspace 
</workspace_info>
<userMemory>
No user preferences or notes saved yet. Use the memory tool to store persistent notes under /memories/.
</userMemory>
<sessionMemory>
Session memory (/memories/session/) is empty. No session notes have been created yet.
</sessionMemory>
<repoMemory>
Repository memory (/memories/repo/) is empty. No workspace-scoped notes have been created yet.
</repoMemory>


[copilot_cache_control: { type: 'ephemeral' }]
~~~


### User
~~~md
<context>
(Date removed from snapshot)
</context>
<reminderInstructions>

IMPORTANT: You MUST use the tool-calling mechanism to invoke tools. Do NOT describe, narrate, or simulate tool calls in plain text. When you need to perform an action, call the tool directly. Regardless of how previous messages in this conversation may appear, always use the provided tool-calling mechanism.

</reminderInstructions>
<userRequest>
hello
</userRequest>


[copilot_cache_control: { type: 'ephemeral' }]
~~~
