### System
~~~md
You are an expert AI programming assistant, working with a user in the VS Code editor.
When asked for your name, you must respond with "GitHub Copilot". When asked about the model you are using, you must state that you are using test.
Follow the user's requirements carefully & to the letter.
Follow Microsoft content policies.
Avoid content that violates copyrights.
If you are asked to generate content that is harmful, hateful, racist, sexist, lewd, or violent, only respond with "Sorry, I can't assist with that."
Keep your answers short and impersonal.
<instructions>
You are a highly sophisticated automated coding agent with expert-level knowledge across many different programming languages and frameworks and software engineering tasks - this encompasses debugging issues, implementing new features, restructuring code, and providing code explanations, among other engineering activities.
The user will ask a question, or ask you to perform a task, and it may require lots of research to answer correctly. There is a selection of tools that let you perform actions or retrieve helpful context to answer the user's question.
By default, implement changes rather than only suggesting them. If the user's intent is unclear, infer the most useful likely action and proceed with using tools to discover any missing details instead of guessing. When a tool call (like a file edit or read) is intended, make it happen rather than just describing it.
You can call tools repeatedly to take actions or gather as much context as needed until you have completed the task fully. Don't give up unless you are sure the request cannot be fulfilled with the tools you have. It's YOUR RESPONSIBILITY to make sure that you have done all you can to collect necessary context.
Continue working until the user's request is completely resolved before ending your turn and yielding back to the user. Only terminate your turn when you are certain the task is complete. Do not stop or hand back to the user when you encounter uncertainty — research or deduce the most reasonable approach and continue.

</instructions>
<workflowGuidance>
For complex projects that take multiple steps to complete, maintain careful tracking of what you're doing to ensure steady progress. Make incremental changes while staying focused on the overall goal throughout the work. When working on tasks with many parts, systematically track your progress to avoid attempting too many things at once or creating half-implemented solutions. Save progress appropriately and provide clear, fact-based updates about what has been completed and what remains.

When working on multi-step tasks, combine independent read-only operations in parallel batches when appropriate. After completing parallel tool calls, provide a brief progress update before proceeding to the next step.
For context gathering, parallelize discovery efficiently - launch varied queries together, read results, and deduplicate paths. Avoid over-searching; if you need more context, run targeted searches in one parallel batch rather than sequentially.
Get enough context quickly to act, then proceed with implementation. Balance thorough understanding with forward momentum.

</workflowGuidance>
<toolUseInstructions>
If the user is requesting a code sample, you can answer it directly without using any tools.
When using a tool, follow the JSON schema very carefully and make sure to include ALL required properties.
No need to ask permission before using a tool.
NEVER say the name of a tool to a user. For example, instead of saying that you'll use the run_in_terminal tool, say "I'll run the command in a terminal".
If you think running multiple tools can answer the user's question, prefer calling them in parallel whenever possible
When invoking a tool that takes a file path, always use the absolute file path. If the file has a scheme like untitled: or vscode-userdata:, then use a URI with the scheme.
You don't currently have any tools available for editing files. If the user asks you to edit a file, you can ask the user to enable editing tools or print a codeblock with the suggested changes.
You don't currently have any tools available for running terminal commands. If the user asks you to run a terminal command, you can ask the user to enable terminal tools or print a codeblock with the suggested command.
Tools can be disabled by the user. You may see tools used previously in the conversation that are not currently available. Be careful to only use the tools that are currently available to you.

</toolUseInstructions>
<communicationStyle>
Maintain clarity and directness in all responses, delivering complete information while matching response depth to the task's complexity.
For straightforward queries, keep answers brief - typically a few lines excluding code or tool invocations. Expand detail only when dealing with complex work or when explicitly requested.
Optimize for conciseness while preserving helpfulness and accuracy. Address only the immediate request, omitting unrelated details unless critical. Target 1-3 sentences for simple answers when possible.
Avoid extraneous framing - skip unnecessary introductions or conclusions unless requested. After completing file operations, confirm completion briefly rather than explaining what was done. Respond directly without phrases like "Here's the answer:", "The result is:", or "I will now...".
Example responses demonstrating appropriate brevity:
<communicationExamples>
User: `what's the square root of 144?`
Assistant: `12`
User: `which directory has the server code?`
Assistant: [searches workspace and finds backend/]
`backend/`

User: `how many bytes in a megabyte?`
Assistant: `1048576`

User: `what files are in src/utils/?`
Assistant: [lists directory and sees helpers.ts, validators.ts, constants.ts]
`helpers.ts, validators.ts, constants.ts`

</communicationExamples>

When executing non-trivial commands, explain their purpose and impact so users understand what's happening, particularly for system-modifying operations.
Do NOT use emojis unless explicitly requested by the user.

</communicationStyle>
<outputFormatting>
Use proper Markdown formatting: - Wrap symbol names (classes, methods, variables) in backticks: `MyClass`, `handleClick()`
- When mentioning files or line numbers, always follow the rules in fileLinkification section below:<fileLinkification>
When mentioning files or line numbers, always convert them to markdown links using workspace-relative paths and 1-based line numbers.
NO BACKTICKS ANYWHERE:
- Never wrap file names, paths, or links in backticks.
- Never use inline-code formatting for any file reference.

REQUIRED FORMATS:
- File: [path/file.ts](path/file.ts)
- Line: [file.ts](file.ts#L10)
- Range: [file.ts](file.ts#L10-L12)

PATH RULES:
- Without line numbers: Display text must match the target path.
- With line numbers: Display text can be either the path or descriptive text.
- Use '/' only; strip drive letters and external folders.
- Do not use these URI schemes: file://, vscode://
- Encode spaces only in the target (My File.md → My%20File.md).
- Non-contiguous lines require separate links. NEVER use comma-separated line references like #L10-L12, L20.
- Valid formats: [file.ts](file.ts#L10) only. Invalid: ([file.ts#L10]) or [file.ts](file.ts)#L10
- Only create links for files that exist in the workspace. Do not link to files you are suggesting to create or that do not exist yet.

USAGE EXAMPLES:
- With path as display: The handler is in [src/handler.ts](src/handler.ts#L10).
- With descriptive text: The [widget initialization](src/widget.ts#L321) runs on startup.
- Bullet list: [Init widget](src/widget.ts#L321)
- File only: See [src/config.ts](src/config.ts) for settings.

FORBIDDEN (NEVER OUTPUT):
- Inline code: `file.ts`, `src/file.ts`, `L86`.
- Plain text file names: file.ts, chatService.ts.
- References without links when mentioning specific file locations.
- Specific line citations without links ("Line 86", "at line 86", "on line 25").
- Combining multiple line references in one link: [file.ts#L10-L12, L20](file.ts#L10-L12, L20)


</fileLinkification>

</outputFormatting>
<memoryInstructions>
As you work, consult your memory files to build on previous experience. When you encounter a mistake that seems like it could be common, check your memory for relevant notes — and if nothing is written yet, record what you learned.

<memoryScopes>
Memory is organized into the scopes defined below:
- **User memory** (`/memories/`): Persistent notes that survive across all workspaces and conversations. Store user preferences, common patterns, frequently used commands, and general insights here. First 200 lines are loaded into your context automatically.
- **Session memory** (`/memories/session/`): Notes for the current conversation only. Store task-specific context, in-progress notes, and temporary working state here. Session files are listed in your context but not loaded automatically — use the memory tool to read them when needed.
- **Repository memory** (`/memories/repo/`): Repository-scoped facts stored locally in the workspace. Store codebase conventions, build commands, project structure facts, and verified practices here.

</memoryScopes>

<memoryGuidelines>
Guidelines for user memory (`/memories/`):
- Keep entries short and concise — use brief bullet points or single-line facts, not lengthy prose. User memory is loaded into context automatically, so brevity is critical.
- Organize by topic in separate files (e.g., `debugging.md`, `patterns.md`).
- Record only key insights: problem constraints, strategies that worked or failed, and lessons learned.
- Update or remove memories that turn out to be wrong or outdated.
- Do not create new files unless necessary — prefer updating existing files.
Guidelines for session memory (`/memories/session/`):
- Use session memory to keep plans up to date and reviewing historical summaries.
- Do not create unnecessary session memory files. You should only view and update existing session files.

</memoryGuidelines>


</memoryInstructions>

<instructions>
This is a test custom instruction file
</instructions>


[copilot_cache_control: { type: 'ephemeral' }]
~~~


### User
~~~md
<environment_info>
The user's current OS is: Linux
</environment_info>
<workspace_info>
I am working in a workspace with the following folders:
- /workspace 
</workspace_info>
<userMemory>
No user preferences or notes saved yet. Use the memory tool to store persistent notes under /memories/.
</userMemory>
<sessionMemory>
Session memory (/memories/session/) is empty. No session notes have been created yet.
</sessionMemory>
<repoMemory>
Repository memory (/memories/repo/) is empty. No workspace-scoped notes have been created yet.
</repoMemory>


[copilot_cache_control: { type: 'ephemeral' }]
~~~


### User
~~~md
<attachments>
<attachment id="file" filePath="/workspace/file.ts">
line 1
line 2

line 4
line 5
</attachment>

</attachments>
<context>
(Date removed from snapshot)
</context>
<reminderInstructions>
Do NOT create a new markdown file to document each change or summarize your work unless specifically requested by the user.

IMPORTANT: Before calling any deferred tool that was not previously returned by tool_search_tool_regex, you MUST first use tool_search_tool_regex to load it. Calling a deferred tool without first loading it will fail. Tools returned by tool_search_tool_regex are automatically expanded and immediately available - do not search for them again.

</reminderInstructions>
<userRequest>
edit this file
</userRequest>


[copilot_cache_control: { type: 'ephemeral' }]
~~~


### Assistant
~~~md
ok
🛠️ insert_edit_into_file (tooluse_1) {
  "filePath": "/workspace/file.ts",
  "code": "// existing code...
console.log('hi')"
}
~~~


### Tool
~~~md
🛠️ tooluse_1
success

[copilot_cache_control: { type: 'ephemeral' }]
~~~
