// Vitest Snapshot v1, https://vitest.dev/guide/snapshot.html

exports[`FileVariable > does include known untitled file 1`] = `
"<attachment>
test!
</attachment>
"
`;

exports[`FileVariable > does not include unknown untitled file 1`] = `""`;

exports[`FileVariable > omits file contents when omitContents is true 1`] = `"<attachment id="myfile" filePath="untitled:Untitled-1" />"`;
