### User
~~~md
<environment_info>
The user's current OS is: Linux
</environment_info>
<workspace_info>
I am working in a workspace with the following folders:
- /workspace 
</workspace_info>
<userMemory>
No user preferences or notes saved yet. Use the memory tool to store persistent notes under /memories/.
</userMemory>
<sessionMemory>
Session memory (/memories/session/) is empty. No session notes have been created yet.
</sessionMemory>
<repoMemory>
Repository memory (/memories/repo/) is empty. No workspace-scoped notes have been created yet.
</repoMemory>


[copilot_cache_control: { type: 'ephemeral' }]
~~~


### User
~~~md
<conversation-summary>
summarized!
</conversation-summary>


[copilot_cache_control: { type: 'ephemeral' }]
~~~


### Assistant
~~~md
round 2
🛠️ insert_edit_into_file (tooluse_2) {
  "filePath": "/workspace/file.ts",
  "code": "// existing code...
console.log('hi')"
}
~~~


### Tool
~~~md
🛠️ tooluse_2
success

[copilot_cache_control: { type: 'ephemeral' }]
~~~


### Assistant
~~~md
round 3
🛠️ insert_edit_into_file (tooluse_3) {
  "filePath": "/workspace/file.ts",
  "code": "// existing code...
console.log('hi')"
}
~~~


### Tool
~~~md
🛠️ tooluse_3
success

[copilot_cache_control: { type: 'ephemeral' }]
~~~
