{
  parts: [
    {
      range: {
        start: 0,
        endExclusive: 6
      },
      editorRange: {
        startLineNumber: 1,
        startColumn: 1,
        endLineNumber: 1,
        endColumn: 7
      },
      agent: {
        id: "agent",
        name: "agent",
        extensionId: {
          value: "nullExtensionDescription",
          _lower: "nullextensiondescription"
        },
        extensionVersion: undefined,
        publisherDisplayName: "",
        extensionDisplayName: "",
        extensionPublisherId: "",
        locations: [ "panel" ],
        modes: [ "ask" ],
        metadata: {  },
        slashCommands: [
          {
            name: "subCommand",
            description: ""
          }
        ],
        disambiguation: [  ]
      },
      kind: "agent"
    },
    {
      range: {
        start: 6,
        endExclusive: 7
      },
      editorRange: {
        startLineNumber: 1,
        startColumn: 7,
        endLineNumber: 1,
        endColumn: 8
      },
      text: " ",
      kind: "text"
    },
    {
      range: {
        start: 7,
        endExclusive: 11
      },
      editorRange: {
        startLineNumber: 1,
        startColumn: 8,
        endLineNumber: 1,
        endColumn: 12
      },
      slashCommand: { command: "fix" },
      kind: "slash"
    },
    {
      range: {
        start: 11,
        endExclusive: 16
      },
      editorRange: {
        startLineNumber: 1,
        startColumn: 12,
        endLineNumber: 1,
        endColumn: 17
      },
      text: " this",
      kind: "text"
    }
  ],
  text: "@agent /fix this"
}